status: Importing reference alleles
status: Importing studies
Processing airr sample P29_I1_S1
Processing airr sample P29_I2_S1
Processing airr sample P29_I3_S1
Processing airr sample P29_I4_S1
Processing airr sample P29_I5_S1
Processing airr sample P29_I6_S1
Committing metadata for sample P29_I1_S1
Committing metadata for sample P29_I2_S1
Committing metadata for sample P29_I3_S1
Committing metadata for sample P29_I4_S1
Committing metadata for sample P29_I5_S1
Committing metadata for sample P29_I6_S1
Processing airr sample P30_I1_S1
Processing airr sample P30_I2_S1
Processing airr sample P30_I3_S1
Committing metadata for sample P30_I1_S1
Committing metadata for sample P30_I2_S1
Committing metadata for sample P30_I3_S1
Processing airr sample P31_I1_S1
Processing airr sample P31_I2_S1
Processing airr sample P31_I3_S1
Processing airr sample P31_I4_S1
Processing airr sample P31_I5_S1
Processing airr sample P31_I6_S1
Processing airr sample P31_I7_S1
Processing airr sample P31_I8_S1
Processing airr sample P31_I9_S1
Processing airr sample P31_I10_S1
Processing airr sample P31_I11_S1
Processing airr sample P31_I12_S1
Processing airr sample P31_I13_S1
Processing airr sample P31_I14_S1
Committing metadata for sample P31_I1_S1
Committing metadata for sample P31_I2_S1
Committing metadata for sample P31_I3_S1
Committing metadata for sample P31_I4_S1
Committing metadata for sample P31_I5_S1
Committing metadata for sample P31_I6_S1
Committing metadata for sample P31_I7_S1
Committing metadata for sample P31_I8_S1
Committing metadata for sample P31_I9_S1
Committing metadata for sample P31_I10_S1
Committing metadata for sample P31_I11_S1
Committing metadata for sample P31_I12_S1
Committing metadata for sample P31_I13_S1
Committing metadata for sample P31_I14_S1
Processing airr sample P32_I1_S1
Processing airr sample P32_I2_S1
Processing airr sample P32_I3_S1
Processing airr sample P32_I4_S1
Processing airr sample P32_I5_S1
Processing airr sample P32_I6_S1
Processing airr sample P32_I7_S1
Processing airr sample P32_I8_S1
Committing metadata for sample P32_I1_S1
Committing metadata for sample P32_I2_S1
Committing metadata for sample P32_I3_S1
Committing metadata for sample P32_I4_S1
Committing metadata for sample P32_I5_S1
Committing metadata for sample P32_I6_S1
Committing metadata for sample P32_I7_S1
Committing metadata for sample P32_I8_S1
Processing airr sample P33_I1_S1
Processing airr sample P33_I2_S1
Processing airr sample P33_I3_S1
Processing airr sample P33_I4_S1
Processing airr sample P33_I5_S1
Processing airr sample P33_I6_S1
Processing airr sample P33_I7_S1
Processing airr sample P33_I8_S1
Processing airr sample P33_I9_S1
Processing airr sample P33_I10_S1
Processing airr sample P33_I11_S1
Processing airr sample P33_I12_S1
Processing airr sample P33_I13_S1
Processing airr sample P33_I14_S1
Processing airr sample P33_I15_S1
Processing airr sample P33_I16_S1
Processing airr sample P33_I17_S1
Processing airr sample P33_I18_S1
Processing airr sample P33_I19_S1
Processing airr sample P33_I20_S1
Committing metadata for sample P33_I1_S1
Committing metadata for sample P33_I2_S1
Committing metadata for sample P33_I3_S1
Committing metadata for sample P33_I4_S1
Committing metadata for sample P33_I5_S1
Committing metadata for sample P33_I6_S1
Committing metadata for sample P33_I7_S1
Committing metadata for sample P33_I8_S1
Committing metadata for sample P33_I9_S1
Committing metadata for sample P33_I10_S1
Committing metadata for sample P33_I11_S1
Committing metadata for sample P33_I12_S1
Committing metadata for sample P33_I13_S1
Committing metadata for sample P33_I14_S1
Committing metadata for sample P33_I15_S1
Committing metadata for sample P33_I16_S1
Committing metadata for sample P33_I17_S1
Committing metadata for sample P33_I18_S1
Committing metadata for sample P33_I19_S1
Committing metadata for sample P33_I20_S1
Processing airr sample P17_I1_S1
Processing airr sample P17_I2_S1
Processing airr sample P17_I3_S1
Processing airr sample P17_I4_S1
Processing airr sample P17_I5_S1
Processing airr sample P17_I6_S1
Processing airr sample P17_I7_S1
Processing airr sample P17_I8_S1
Processing airr sample P17_I9_S1
Processing airr sample P17_I10_S1
Processing airr sample P17_I11_S1
Processing airr sample P17_I12_S1
Processing airr sample P17_I13_S1
Processing airr sample P17_I14_S1
Processing airr sample P17_I15_S1
Committing metadata for sample P17_I1_S1
Committing metadata for sample P17_I2_S1
Committing metadata for sample P17_I3_S1
Committing metadata for sample P17_I4_S1
Committing metadata for sample P17_I5_S1
Committing metadata for sample P17_I6_S1
Committing metadata for sample P17_I7_S1
Committing metadata for sample P17_I8_S1
Committing metadata for sample P17_I9_S1
Committing metadata for sample P17_I10_S1
Committing metadata for sample P17_I11_S1
Committing metadata for sample P17_I12_S1
Committing metadata for sample P17_I13_S1
Committing metadata for sample P17_I14_S1
Committing metadata for sample P17_I15_S1
Processing airr sample P4_I10_S1
Processing airr sample P4_I11_S1
Processing airr sample P4_I12_S1
Processing airr sample P4_I13_S1
Processing airr sample P4_I14_S1
Processing airr sample P4_I15_S1
Processing airr sample P4_I16_S1
Processing airr sample P4_I17_S1
Processing airr sample P4_I18_S1
Processing airr sample P4_I19_S1
Processing airr sample P4_I1_S1
Processing airr sample P4_I21_S1
Processing airr sample P4_I22_S1
Processing airr sample P4_I23_S1
Processing airr sample P4_I24_S1
Processing airr sample P4_I25_S1
Processing airr sample P4_I26_S1
Processing airr sample P4_I27_S1
Processing airr sample P4_I28_S1
Processing airr sample P4_I29_S1
Processing airr sample P4_I2_S1
Processing airr sample P4_I30_S1
Processing airr sample P4_I31_S1
Processing airr sample P4_I4_S1
Processing airr sample P4_I5_S1
Processing airr sample P4_I7_S1
Processing airr sample P4_I8_S1
Processing airr sample P4_I9_S1
Committing metadata for sample P4_I10_S1
Committing metadata for sample P4_I11_S1
Committing metadata for sample P4_I12_S1
Committing metadata for sample P4_I13_S1
Committing metadata for sample P4_I14_S1
Committing metadata for sample P4_I15_S1
Committing metadata for sample P4_I16_S1
Committing metadata for sample P4_I17_S1
Committing metadata for sample P4_I18_S1
Committing metadata for sample P4_I19_S1
Committing metadata for sample P4_I1_S1
Committing metadata for sample P4_I21_S1
Committing metadata for sample P4_I22_S1
Committing metadata for sample P4_I23_S1
Committing metadata for sample P4_I24_S1
Committing metadata for sample P4_I25_S1
Committing metadata for sample P4_I26_S1
Committing metadata for sample P4_I27_S1
Committing metadata for sample P4_I28_S1
Committing metadata for sample P4_I29_S1
Committing metadata for sample P4_I2_S1
Committing metadata for sample P4_I30_S1
Committing metadata for sample P4_I31_S1
Committing metadata for sample P4_I4_S1
Committing metadata for sample P4_I5_S1
Committing metadata for sample P4_I7_S1
Committing metadata for sample P4_I8_S1
Committing metadata for sample P4_I9_S1
Processing airr sample P18_I1_S1
Processing airr sample P18_I2_S1
Processing airr sample P18_I3_S1
Processing airr sample P18_I4_S1
Processing airr sample P18_I5_S1
Processing airr sample P18_I6_S1
Processing airr sample P18_I7_S1
Processing airr sample P18_I8_S1
Processing airr sample P18_I9_S1
Committing metadata for sample P18_I1_S1
Committing metadata for sample P18_I2_S1
Committing metadata for sample P18_I3_S1
Committing metadata for sample P18_I4_S1
Committing metadata for sample P18_I5_S1
Committing metadata for sample P18_I6_S1
Committing metadata for sample P18_I7_S1
Committing metadata for sample P18_I8_S1
Committing metadata for sample P18_I9_S1
Processing airr sample P19_I1_S1
Processing airr sample P19_I2_S1
Processing airr sample P19_I3_S1
Processing airr sample P19_I4_S1
Processing airr sample P19_I5_S1
Processing airr sample P19_I6_S1
Processing airr sample P19_I7_S1
Processing airr sample P19_I8_S1
Processing airr sample P19_I9_S1
Processing airr sample P19_I10_S1
Processing airr sample P19_I11_S1
Processing airr sample P19_I12_S1
Processing airr sample P19_I13_S1
Processing airr sample P19_I14_S1
Processing airr sample P19_I15_S1
Processing airr sample P19_I16_S1
Processing airr sample P19_I17_S1
Processing airr sample P19_I18_S1
Processing airr sample P19_I19_S1
Processing airr sample P19_I20_S1
Processing airr sample P19_I21_S1
Processing airr sample P19_I22_S1
Processing airr sample P19_I23_S1
Processing airr sample P19_I24_S1
Processing airr sample P19_I25_S1
Processing airr sample P19_I26_S1
Processing airr sample P19_I27_S1
Processing airr sample P19_I28_S1
Processing airr sample P19_I29_S1
Processing airr sample P19_I30_S1
Processing airr sample P19_I31_S1
Processing airr sample P19_I32_S1
Processing airr sample P19_I33_S1
Processing airr sample P19_I34_S1
Processing airr sample P19_I35_S1
Processing airr sample P19_I36_S1
Processing airr sample P19_I37_S1
Processing airr sample P19_I38_S1
Processing airr sample P19_I39_S1
Processing airr sample P19_I40_S1
Processing airr sample P19_I41_S1
Processing airr sample P19_I42_S1
Processing airr sample P19_I43_S1
Processing airr sample P19_I44_S1
Processing airr sample P19_I45_S1
Processing airr sample P19_I46_S1
Processing airr sample P19_I47_S1
Processing airr sample P19_I48_S1
Processing airr sample P19_I49_S1
Processing airr sample P19_I50_S1
Processing airr sample P19_I51_S1
Processing airr sample P19_I52_S1
Processing airr sample P19_I53_S1
Processing airr sample P19_I54_S1
Processing airr sample P19_I55_S1
Processing airr sample P19_I56_S1
Processing airr sample P19_I57_S1
Processing airr sample P19_I58_S1
Processing airr sample P19_I59_S1
Processing airr sample P19_I60_S1
Processing airr sample P19_I61_S1
Processing airr sample P19_I62_S1
Processing airr sample P19_I63_S1
Processing airr sample P19_I64_S1
Processing airr sample P19_I65_S1
Processing airr sample P19_I66_S1
Processing airr sample P19_I67_S1
Processing airr sample P19_I68_S1
Processing airr sample P19_I69_S1
Processing airr sample P19_I70_S1
Processing airr sample P19_I71_S1
Processing airr sample P19_I72_S1
Processing airr sample P19_I73_S1
Processing airr sample P19_I74_S1
Processing airr sample P19_I75_S1
Processing airr sample P19_I76_S1
Processing airr sample P19_I77_S1
Processing airr sample P19_I78_S1
Processing airr sample P19_I79_S1
Processing airr sample P19_I80_S1
Processing airr sample P19_I81_S1
Processing airr sample P19_I82_S1
Processing airr sample P19_I83_S1
Processing airr sample P19_I84_S1
Processing airr sample P19_I85_S1
Processing airr sample P19_I86_S1
Processing airr sample P19_I87_S1
Processing airr sample P19_I88_S1
Processing airr sample P19_I89_S1
Processing airr sample P19_I90_S1
Processing airr sample P19_I91_S1
Processing airr sample P19_I92_S1
Processing airr sample P19_I93_S1
Processing airr sample P19_I94_S1
Processing airr sample P19_I95_S1
Processing airr sample P19_I96_S1
Processing airr sample P19_I97_S1
Processing airr sample P19_I98_S1
Processing airr sample P19_I99_S1
Processing airr sample P19_I100_S1
Processing airr sample P19_I101_S1
Processing airr sample P19_I102_S1
Processing airr sample P19_I103_S1
Processing airr sample P19_I104_S1
Processing airr sample P19_I105_S1
Processing airr sample P19_I106_S1
Processing airr sample P19_I107_S1
Processing airr sample P19_I108_S1
Processing airr sample P19_I109_S1
Processing airr sample P19_I110_S1
Processing airr sample P19_I111_S1
Processing airr sample P19_I112_S1
Processing airr sample P19_I113_S1
Processing airr sample P19_I114_S1
Processing airr sample P19_I115_S1
Processing airr sample P19_I116_S1
Processing airr sample P19_I117_S1
Processing airr sample P19_I118_S1
Processing airr sample P19_I119_S1
Processing airr sample P19_I120_S1
Processing airr sample P19_I121_S1
Processing airr sample P19_I122_S1
Processing airr sample P19_I123_S1
Processing airr sample P19_I124_S1
Processing airr sample P19_I125_S1
Processing airr sample P19_I126_S1
Processing airr sample P19_I127_S1
Processing airr sample P19_I128_S1
Processing airr sample P19_I129_S1
Processing airr sample P19_I130_S1
Processing airr sample P19_I131_S1
Processing airr sample P19_I132_S1
Processing airr sample P19_I133_S1
Processing airr sample P19_I134_S1
Processing airr sample P19_I135_S1
Processing airr sample P19_I136_S1
Processing airr sample P19_I137_S1
Processing airr sample P19_I138_S1
Processing airr sample P19_I139_S1
Processing airr sample P19_I140_S1
Processing airr sample P19_I141_S1
Processing airr sample P19_I142_S1
Processing airr sample P19_I143_S1
Processing airr sample P19_I144_S1
Processing airr sample P19_I145_S1
Processing airr sample P19_I146_S1
Processing airr sample P19_I147_S1
Processing airr sample P19_I148_S1
Processing airr sample P19_I149_S1
Processing airr sample P19_I150_S1
Processing airr sample P19_I151_S1
Processing airr sample P19_I152_S1
Processing airr sample P19_I153_S1
Processing airr sample P19_I154_S1
Processing airr sample P19_I155_S1
Processing airr sample P19_I156_S1
Processing airr sample P19_I157_S1
Processing airr sample P19_I158_S1
Processing airr sample P19_I159_S1
Processing airr sample P19_I160_S1
Processing airr sample P19_I161_S1
Processing airr sample P19_I162_S1
Processing airr sample P19_I163_S1
Processing airr sample P19_I164_S1
Processing airr sample P19_I165_S1
Processing airr sample P19_I166_S1
Processing airr sample P19_I167_S1
Processing airr sample P19_I168_S1
Processing airr sample P19_I169_S1
Processing airr sample P19_I170_S1
Processing airr sample P19_I171_S1
Processing airr sample P19_I172_S1
Processing airr sample P19_I173_S1
Processing airr sample P19_I174_S1
Processing airr sample P19_I175_S1
Processing airr sample P19_I176_S1
Processing airr sample P19_I177_S1
Processing airr sample P19_I178_S1
Processing airr sample P19_I179_S1
Processing airr sample P19_I180_S1
Processing airr sample P19_I181_S1
Processing airr sample P19_I182_S1
Processing airr sample P19_I183_S1
Processing airr sample P19_I184_S1
Processing airr sample P19_I185_S1
Processing airr sample P19_I186_S1
Processing airr sample P19_I187_S1
Processing airr sample P19_I188_S1
Processing airr sample P19_I189_S1
Processing airr sample P19_I190_S1
Processing airr sample P19_I191_S1
Processing airr sample P19_I192_S1
Processing airr sample P19_I193_S1
Processing airr sample P19_I194_S1
Processing airr sample P19_I195_S1
Processing airr sample P19_I196_S1
Processing airr sample P19_I197_S1
Processing airr sample P19_I198_S1
Processing airr sample P19_I199_S1
Processing airr sample P19_I200_S1
Processing airr sample P19_I201_S1
Processing airr sample P19_I202_S1
Processing airr sample P19_I203_S1
Processing airr sample P19_I204_S1
Processing airr sample P19_I205_S1
Processing airr sample P19_I206_S1
Processing airr sample P19_I207_S1
Processing airr sample P19_I208_S1
Processing airr sample P19_I209_S1
Processing airr sample P19_I210_S1
Processing airr sample P19_I211_S1
Processing airr sample P19_I212_S1
Processing airr sample P19_I213_S1
Processing airr sample P19_I214_S1
Processing airr sample P19_I215_S1
Processing airr sample P19_I216_S1
Processing airr sample P19_I217_S1
Processing airr sample P19_I218_S1
Processing airr sample P19_I219_S1
Processing airr sample P19_I220_S1
Processing airr sample P19_I221_S1
Processing airr sample P19_I222_S1
Processing airr sample P19_I223_S1
Processing airr sample P19_I224_S1
Processing airr sample P19_I225_S1
Processing airr sample P19_I226_S1
Processing airr sample P19_I227_S1
Processing airr sample P19_I228_S1
Processing airr sample P19_I229_S1
Processing airr sample P19_I230_S1
Processing airr sample P19_I231_S1
Processing airr sample P19_I232_S1
Processing airr sample P19_I233_S1
Processing airr sample P19_I234_S1
Processing airr sample P19_I235_S1
Processing airr sample P19_I236_S1
Processing airr sample P19_I237_S1
Processing airr sample P19_I238_S1
Processing airr sample P19_I239_S1
Processing airr sample P19_I240_S1
Processing airr sample P19_I241_S1
Processing airr sample P19_I242_S1
Processing airr sample P19_I243_S1
Processing airr sample P19_I244_S1
Processing airr sample P19_I245_S1
Processing airr sample P19_I246_S1
Processing airr sample P19_I247_S1
Processing airr sample P19_I248_S1
Processing airr sample P19_I249_S1
Processing airr sample P19_I250_S1
Processing airr sample P19_I251_S1
Processing airr sample P19_I252_S1
Processing airr sample P19_I253_S1
Processing airr sample P19_I254_S1
Processing airr sample P19_I255_S1
Processing airr sample P19_I256_S1
Processing airr sample P19_I257_S1
Processing airr sample P19_I258_S1
Processing airr sample P19_I259_S1
Processing airr sample P19_I260_S1
Processing airr sample P19_I261_S1
Processing airr sample P19_I262_S1
Processing airr sample P19_I263_S1
Processing airr sample P19_I264_S1
Processing airr sample P19_I265_S1
Processing airr sample P19_I266_S1
Processing airr sample P19_I267_S1
Processing airr sample P19_I268_S1
Processing airr sample P19_I269_S1
Processing airr sample P19_I270_S1
Processing airr sample P19_I271_S1
Processing airr sample P19_I272_S1
Processing airr sample P19_I273_S1
Processing airr sample P19_I274_S1
Processing airr sample P19_I275_S1
Processing airr sample P19_I276_S1
Processing airr sample P19_I277_S1
Processing airr sample P19_I278_S1
Processing airr sample P19_I279_S1
Processing airr sample P19_I280_S1
Processing airr sample P19_I281_S1
Processing airr sample P19_I282_S1
Processing airr sample P19_I283_S1
Processing airr sample P19_I284_S1
Processing airr sample P19_I285_S1
Processing airr sample P19_I286_S1
Processing airr sample P19_I287_S1
Processing airr sample P19_I288_S1
Processing airr sample P19_I289_S1
Processing airr sample P19_I290_S1
Processing airr sample P19_I291_S1
Processing airr sample P19_I292_S1
Processing airr sample P19_I293_S1
Processing airr sample P19_I294_S1
Processing airr sample P19_I295_S1
Processing airr sample P19_I296_S1
Processing airr sample P19_I297_S1
Processing airr sample P19_I298_S1
Processing airr sample P19_I299_S1
Processing airr sample P19_I300_S1
Processing airr sample P19_I301_S1
Processing airr sample P19_I302_S1
Processing airr sample P19_I303_S1
Processing airr sample P19_I304_S1
Processing airr sample P19_I305_S1
Processing airr sample P19_I306_S1
Processing airr sample P19_I307_S1
Processing airr sample P19_I308_S1
Processing airr sample P19_I309_S1
Processing airr sample P19_I310_S1
Processing airr sample P19_I311_S1
Processing airr sample P19_I312_S1
Processing airr sample P19_I313_S1
Processing airr sample P19_I314_S1
Processing airr sample P19_I315_S1
Processing airr sample P19_I316_S1
Processing airr sample P19_I317_S1
Processing airr sample P19_I318_S1
Processing airr sample P19_I319_S1
Processing airr sample P19_I320_S1
Processing airr sample P19_I321_S1
Processing airr sample P19_I322_S1
Processing airr sample P19_I323_S1
Processing airr sample P19_I324_S1
Processing airr sample P19_I325_S1
Processing airr sample P19_I326_S1
Processing airr sample P19_I327_S1
Processing airr sample P19_I328_S1
Processing airr sample P19_I329_S1
Processing airr sample P19_I330_S1
Processing airr sample P19_I331_S1
Processing airr sample P19_I332_S1
Processing airr sample P19_I333_S1
Processing airr sample P19_I334_S1
Processing airr sample P19_I335_S1
Processing airr sample P19_I336_S1
Processing airr sample P19_I337_S1
Processing airr sample P19_I338_S1
Processing airr sample P19_I339_S1
Processing airr sample P19_I340_S1
Processing airr sample P19_I341_S1
Processing airr sample P19_I342_S1
Processing airr sample P19_I343_S1
Processing airr sample P19_I344_S1
Processing airr sample P19_I345_S1
Processing airr sample P19_I346_S1
Processing airr sample P19_I347_S1
Processing airr sample P19_I348_S1
Committing metadata for sample P19_I1_S1
Committing metadata for sample P19_I2_S1
Committing metadata for sample P19_I3_S1
Committing metadata for sample P19_I4_S1
Committing metadata for sample P19_I5_S1
Committing metadata for sample P19_I6_S1
Committing metadata for sample P19_I7_S1
Committing metadata for sample P19_I8_S1
Committing metadata for sample P19_I9_S1
Committing metadata for sample P19_I10_S1
Committing metadata for sample P19_I11_S1
Committing metadata for sample P19_I12_S1
Committing metadata for sample P19_I13_S1
Committing metadata for sample P19_I14_S1
Committing metadata for sample P19_I15_S1
Committing metadata for sample P19_I16_S1
Committing metadata for sample P19_I17_S1
Committing metadata for sample P19_I18_S1
Committing metadata for sample P19_I19_S1
Committing metadata for sample P19_I20_S1
Committing metadata for sample P19_I21_S1
Committing metadata for sample P19_I22_S1
Committing metadata for sample P19_I23_S1
Committing metadata for sample P19_I24_S1
Committing metadata for sample P19_I25_S1
Committing metadata for sample P19_I26_S1
Committing metadata for sample P19_I27_S1
Committing metadata for sample P19_I28_S1
Committing metadata for sample P19_I29_S1
Committing metadata for sample P19_I30_S1
Committing metadata for sample P19_I31_S1
Committing metadata for sample P19_I32_S1
Committing metadata for sample P19_I33_S1
Committing metadata for sample P19_I34_S1
Committing metadata for sample P19_I35_S1
Committing metadata for sample P19_I36_S1
Committing metadata for sample P19_I37_S1
Committing metadata for sample P19_I38_S1
Committing metadata for sample P19_I39_S1
Committing metadata for sample P19_I40_S1
Committing metadata for sample P19_I41_S1
Committing metadata for sample P19_I42_S1
Committing metadata for sample P19_I43_S1
Committing metadata for sample P19_I44_S1
Committing metadata for sample P19_I45_S1
Committing metadata for sample P19_I46_S1
Committing metadata for sample P19_I47_S1
Committing metadata for sample P19_I48_S1
Committing metadata for sample P19_I49_S1
Committing metadata for sample P19_I50_S1
Committing metadata for sample P19_I51_S1
Committing metadata for sample P19_I52_S1
Committing metadata for sample P19_I53_S1
Committing metadata for sample P19_I54_S1
Committing metadata for sample P19_I55_S1
Committing metadata for sample P19_I56_S1
Committing metadata for sample P19_I57_S1
Committing metadata for sample P19_I58_S1
Committing metadata for sample P19_I59_S1
Committing metadata for sample P19_I60_S1
Committing metadata for sample P19_I61_S1
Committing metadata for sample P19_I62_S1
Committing metadata for sample P19_I63_S1
Committing metadata for sample P19_I64_S1
Committing metadata for sample P19_I65_S1
Committing metadata for sample P19_I66_S1
Committing metadata for sample P19_I67_S1
Committing metadata for sample P19_I68_S1
Committing metadata for sample P19_I69_S1
Committing metadata for sample P19_I70_S1
Committing metadata for sample P19_I71_S1
Committing metadata for sample P19_I72_S1
Committing metadata for sample P19_I73_S1
Committing metadata for sample P19_I74_S1
Committing metadata for sample P19_I75_S1
Committing metadata for sample P19_I76_S1
Committing metadata for sample P19_I77_S1
Committing metadata for sample P19_I78_S1
Committing metadata for sample P19_I79_S1
Committing metadata for sample P19_I80_S1
Committing metadata for sample P19_I81_S1
Committing metadata for sample P19_I82_S1
Committing metadata for sample P19_I83_S1
Committing metadata for sample P19_I84_S1
Committing metadata for sample P19_I85_S1
Committing metadata for sample P19_I86_S1
Committing metadata for sample P19_I87_S1
Committing metadata for sample P19_I88_S1
Committing metadata for sample P19_I89_S1
Committing metadata for sample P19_I90_S1
Committing metadata for sample P19_I91_S1
Committing metadata for sample P19_I92_S1
Committing metadata for sample P19_I93_S1
Committing metadata for sample P19_I94_S1
Committing metadata for sample P19_I95_S1
Committing metadata for sample P19_I96_S1
Committing metadata for sample P19_I97_S1
Committing metadata for sample P19_I98_S1
Committing metadata for sample P19_I99_S1
Committing metadata for sample P19_I100_S1
Committing metadata for sample P19_I101_S1
Committing metadata for sample P19_I102_S1
Committing metadata for sample P19_I103_S1
Committing metadata for sample P19_I104_S1
Committing metadata for sample P19_I105_S1
Committing metadata for sample P19_I106_S1
Committing metadata for sample P19_I107_S1
Committing metadata for sample P19_I108_S1
Committing metadata for sample P19_I109_S1
Committing metadata for sample P19_I110_S1
Committing metadata for sample P19_I111_S1
Committing metadata for sample P19_I112_S1
Committing metadata for sample P19_I113_S1
Committing metadata for sample P19_I114_S1
Committing metadata for sample P19_I115_S1
Committing metadata for sample P19_I116_S1
Committing metadata for sample P19_I117_S1
Committing metadata for sample P19_I118_S1
Committing metadata for sample P19_I119_S1
Committing metadata for sample P19_I120_S1
Committing metadata for sample P19_I121_S1
Committing metadata for sample P19_I122_S1
Committing metadata for sample P19_I123_S1
Committing metadata for sample P19_I124_S1
Committing metadata for sample P19_I125_S1
Committing metadata for sample P19_I126_S1
Committing metadata for sample P19_I127_S1
Committing metadata for sample P19_I128_S1
Committing metadata for sample P19_I129_S1
Committing metadata for sample P19_I130_S1
Committing metadata for sample P19_I131_S1
Committing metadata for sample P19_I132_S1
Committing metadata for sample P19_I133_S1
Committing metadata for sample P19_I134_S1
Committing metadata for sample P19_I135_S1
Committing metadata for sample P19_I136_S1
Committing metadata for sample P19_I137_S1
Committing metadata for sample P19_I138_S1
Committing metadata for sample P19_I139_S1
Committing metadata for sample P19_I140_S1
Committing metadata for sample P19_I141_S1
Committing metadata for sample P19_I142_S1
Committing metadata for sample P19_I143_S1
Committing metadata for sample P19_I144_S1
Committing metadata for sample P19_I145_S1
Committing metadata for sample P19_I146_S1
Committing metadata for sample P19_I147_S1
Committing metadata for sample P19_I148_S1
Committing metadata for sample P19_I149_S1
Committing metadata for sample P19_I150_S1
Committing metadata for sample P19_I151_S1
Committing metadata for sample P19_I152_S1
Committing metadata for sample P19_I153_S1
Committing metadata for sample P19_I154_S1
Committing metadata for sample P19_I155_S1
Committing metadata for sample P19_I156_S1
Committing metadata for sample P19_I157_S1
Committing metadata for sample P19_I158_S1
Committing metadata for sample P19_I159_S1
Committing metadata for sample P19_I160_S1
Committing metadata for sample P19_I161_S1
Committing metadata for sample P19_I162_S1
Committing metadata for sample P19_I163_S1
Committing metadata for sample P19_I164_S1
Committing metadata for sample P19_I165_S1
Committing metadata for sample P19_I166_S1
Committing metadata for sample P19_I167_S1
Committing metadata for sample P19_I168_S1
Committing metadata for sample P19_I169_S1
Committing metadata for sample P19_I170_S1
Committing metadata for sample P19_I171_S1
Committing metadata for sample P19_I172_S1
Committing metadata for sample P19_I173_S1
Committing metadata for sample P19_I174_S1
Committing metadata for sample P19_I175_S1
Committing metadata for sample P19_I176_S1
Committing metadata for sample P19_I177_S1
Committing metadata for sample P19_I178_S1
Committing metadata for sample P19_I179_S1
Committing metadata for sample P19_I180_S1
Committing metadata for sample P19_I181_S1
Committing metadata for sample P19_I182_S1
Committing metadata for sample P19_I183_S1
Committing metadata for sample P19_I184_S1
Committing metadata for sample P19_I185_S1
Committing metadata for sample P19_I186_S1
Committing metadata for sample P19_I187_S1
Committing metadata for sample P19_I188_S1
Committing metadata for sample P19_I189_S1
Committing metadata for sample P19_I190_S1
Committing metadata for sample P19_I191_S1
Committing metadata for sample P19_I192_S1
Committing metadata for sample P19_I193_S1
Committing metadata for sample P19_I194_S1
Committing metadata for sample P19_I195_S1
Committing metadata for sample P19_I196_S1
Committing metadata for sample P19_I197_S1
Committing metadata for sample P19_I198_S1
Committing metadata for sample P19_I199_S1
Committing metadata for sample P19_I200_S1
Committing metadata for sample P19_I201_S1
Committing metadata for sample P19_I202_S1
Committing metadata for sample P19_I203_S1
Committing metadata for sample P19_I204_S1
Committing metadata for sample P19_I205_S1
Committing metadata for sample P19_I206_S1
Committing metadata for sample P19_I207_S1
Committing metadata for sample P19_I208_S1
Committing metadata for sample P19_I209_S1
Committing metadata for sample P19_I210_S1
Committing metadata for sample P19_I211_S1
Committing metadata for sample P19_I212_S1
Committing metadata for sample P19_I213_S1
Committing metadata for sample P19_I214_S1
Committing metadata for sample P19_I215_S1
Committing metadata for sample P19_I216_S1
Committing metadata for sample P19_I217_S1
Committing metadata for sample P19_I218_S1
Committing metadata for sample P19_I219_S1
Committing metadata for sample P19_I220_S1
Committing metadata for sample P19_I221_S1
Committing metadata for sample P19_I222_S1
Committing metadata for sample P19_I223_S1
Committing metadata for sample P19_I224_S1
Committing metadata for sample P19_I225_S1
Committing metadata for sample P19_I226_S1
Committing metadata for sample P19_I227_S1
Committing metadata for sample P19_I228_S1
Committing metadata for sample P19_I229_S1
Committing metadata for sample P19_I230_S1
Committing metadata for sample P19_I231_S1
Committing metadata for sample P19_I232_S1
Committing metadata for sample P19_I233_S1
Committing metadata for sample P19_I234_S1
Committing metadata for sample P19_I235_S1
Committing metadata for sample P19_I236_S1
Committing metadata for sample P19_I237_S1
Committing metadata for sample P19_I238_S1
Committing metadata for sample P19_I239_S1
Committing metadata for sample P19_I240_S1
Committing metadata for sample P19_I241_S1
Committing metadata for sample P19_I242_S1
Committing metadata for sample P19_I243_S1
Committing metadata for sample P19_I244_S1
Committing metadata for sample P19_I245_S1
Committing metadata for sample P19_I246_S1
Committing metadata for sample P19_I247_S1
Committing metadata for sample P19_I248_S1
Committing metadata for sample P19_I249_S1
Committing metadata for sample P19_I250_S1
Committing metadata for sample P19_I251_S1
Committing metadata for sample P19_I252_S1
Committing metadata for sample P19_I253_S1
Committing metadata for sample P19_I254_S1
Committing metadata for sample P19_I255_S1
Committing metadata for sample P19_I256_S1
Committing metadata for sample P19_I257_S1
Committing metadata for sample P19_I258_S1
Committing metadata for sample P19_I259_S1
Committing metadata for sample P19_I260_S1
Committing metadata for sample P19_I261_S1
Committing metadata for sample P19_I262_S1
Committing metadata for sample P19_I263_S1
Committing metadata for sample P19_I264_S1
Committing metadata for sample P19_I265_S1
Committing metadata for sample P19_I266_S1
Committing metadata for sample P19_I267_S1
Committing metadata for sample P19_I268_S1
Committing metadata for sample P19_I269_S1
Committing metadata for sample P19_I270_S1
Committing metadata for sample P19_I271_S1
Committing metadata for sample P19_I272_S1
Committing metadata for sample P19_I273_S1
Committing metadata for sample P19_I274_S1
Committing metadata for sample P19_I275_S1
Committing metadata for sample P19_I276_S1
Committing metadata for sample P19_I277_S1
Committing metadata for sample P19_I278_S1
Committing metadata for sample P19_I279_S1
Committing metadata for sample P19_I280_S1
Committing metadata for sample P19_I281_S1
Committing metadata for sample P19_I282_S1
Committing metadata for sample P19_I283_S1
Committing metadata for sample P19_I284_S1
Committing metadata for sample P19_I285_S1
Committing metadata for sample P19_I286_S1
Committing metadata for sample P19_I287_S1
Committing metadata for sample P19_I288_S1
Committing metadata for sample P19_I289_S1
Committing metadata for sample P19_I290_S1
Committing metadata for sample P19_I291_S1
Committing metadata for sample P19_I292_S1
Committing metadata for sample P19_I293_S1
Committing metadata for sample P19_I294_S1
Committing metadata for sample P19_I295_S1
Committing metadata for sample P19_I296_S1
Committing metadata for sample P19_I297_S1
Committing metadata for sample P19_I298_S1
Committing metadata for sample P19_I299_S1
Committing metadata for sample P19_I300_S1
Committing metadata for sample P19_I301_S1
Committing metadata for sample P19_I302_S1
Committing metadata for sample P19_I303_S1
Committing metadata for sample P19_I304_S1
Committing metadata for sample P19_I305_S1
Committing metadata for sample P19_I306_S1
Committing metadata for sample P19_I307_S1
Committing metadata for sample P19_I308_S1
Committing metadata for sample P19_I309_S1
Committing metadata for sample P19_I310_S1
Committing metadata for sample P19_I311_S1
Committing metadata for sample P19_I312_S1
Committing metadata for sample P19_I313_S1
Committing metadata for sample P19_I314_S1
Committing metadata for sample P19_I315_S1
Committing metadata for sample P19_I316_S1
Committing metadata for sample P19_I317_S1
Committing metadata for sample P19_I318_S1
Committing metadata for sample P19_I319_S1
Committing metadata for sample P19_I320_S1
Committing metadata for sample P19_I321_S1
Committing metadata for sample P19_I322_S1
Committing metadata for sample P19_I323_S1
Committing metadata for sample P19_I324_S1
Committing metadata for sample P19_I325_S1
Committing metadata for sample P19_I326_S1
Committing metadata for sample P19_I327_S1
Committing metadata for sample P19_I328_S1
Committing metadata for sample P19_I329_S1
Committing metadata for sample P19_I330_S1
Committing metadata for sample P19_I331_S1
Committing metadata for sample P19_I332_S1
Committing metadata for sample P19_I333_S1
Committing metadata for sample P19_I334_S1
Committing metadata for sample P19_I335_S1
Committing metadata for sample P19_I336_S1
Committing metadata for sample P19_I337_S1
Committing metadata for sample P19_I338_S1
Committing metadata for sample P19_I339_S1
Committing metadata for sample P19_I340_S1
Committing metadata for sample P19_I341_S1
Committing metadata for sample P19_I342_S1
Committing metadata for sample P19_I343_S1
Committing metadata for sample P19_I344_S1
Committing metadata for sample P19_I345_S1
Committing metadata for sample P19_I346_S1
Committing metadata for sample P19_I347_S1
Committing metadata for sample P19_I348_S1
status: Processing deleted alleles
status: Processing genotypes
Adding TRBV6-2/3
Adding TRBV12-3/4
Adding TRBV3-1/2
Adding TRBV6-5/6
/misc/work/VDJbase/digby_dev_data/AIRR-seq/Human/TRB/samples/P29/P29_I1_S1/P29_I1_S1_genotype.tsv
/misc/work/VDJbase/digby_dev_data/AIRR-seq/Human/TRB/samples/P29/P29_I2_S1/P29_I2_S1_genotype.tsv
/misc/work/VDJbase/digby_dev_data/AIRR-seq/Human/TRB/samples/P29/P29_I3_S1/P29_I3_S1_genotype.tsv
/misc/work/VDJbase/digby_dev_data/AIRR-seq/Human/TRB/samples/P29/P29_I4_S1/P29_I4_S1_genotype.tsv
adding similar allele TRBV6-2*01_3.01
/misc/work/VDJbase/digby_dev_data/AIRR-seq/Human/TRB/samples/P29/P29_I5_S1/P29_I5_S1_genotype.tsv
/misc/work/VDJbase/digby_dev_data/AIRR-seq/Human/TRB/samples/P29/P29_I6_S1/P29_I6_S1_genotype.tsv
/misc/work/VDJbase/digby_dev_data/AIRR-seq/Human/TRB/samples/P30/P30_I1_S1/P30_I1_S1_genotype.tsv
/misc/work/VDJbase/digby_dev_data/AIRR-seq/Human/TRB/samples/P30/P30_I2_S1/P30_I2_S1_genotype.tsv
/misc/work/VDJbase/digby_dev_data/AIRR-seq/Human/TRB/samples/P30/P30_I3_S1/P30_I3_S1_genotype.tsv
/misc/work/VDJbase/digby_dev_data/AIRR-seq/Human/TRB/samples/P31/P31_I1_S1/P31_I1_S1_genotype.tsv
/misc/work/VDJbase/digby_dev_data/AIRR-seq/Human/TRB/samples/P31/P31_I2_S1/P31_I2_S1_genotype.tsv
/misc/work/VDJbase/digby_dev_data/AIRR-seq/Human/TRB/samples/P31/P31_I3_S1/P31_I3_S1_genotype.tsv
/misc/work/VDJbase/digby_dev_data/AIRR-seq/Human/TRB/samples/P31/P31_I4_S1/P31_I4_S1_genotype.tsv
/misc/work/VDJbase/digby_dev_data/AIRR-seq/Human/TRB/samples/P31/P31_I5_S1/P31_I5_S1_genotype.tsv
/misc/work/VDJbase/digby_dev_data/AIRR-seq/Human/TRB/samples/P31/P31_I6_S1/P31_I6_S1_genotype.tsv
/misc/work/VDJbase/digby_dev_data/AIRR-seq/Human/TRB/samples/P31/P31_I7_S1/P31_I7_S1_genotype.tsv
/misc/work/VDJbase/digby_dev_data/AIRR-seq/Human/TRB/samples/P31/P31_I8_S1/P31_I8_S1_genotype.tsv
/misc/work/VDJbase/digby_dev_data/AIRR-seq/Human/TRB/samples/P31/P31_I9_S1/P31_I9_S1_genotype.tsv
/misc/work/VDJbase/digby_dev_data/AIRR-seq/Human/TRB/samples/P31/P31_I10_S1/P31_I10_S1_genotype.tsv
/misc/work/VDJbase/digby_dev_data/AIRR-seq/Human/TRB/samples/P31/P31_I11_S1/P31_I11_S1_genotype.tsv
/misc/work/VDJbase/digby_dev_data/AIRR-seq/Human/TRB/samples/P31/P31_I12_S1/P31_I12_S1_genotype.tsv
/misc/work/VDJbase/digby_dev_data/AIRR-seq/Human/TRB/samples/P31/P31_I13_S1/P31_I13_S1_genotype.tsv
/misc/work/VDJbase/digby_dev_data/AIRR-seq/Human/TRB/samples/P31/P31_I14_S1/P31_I14_S1_genotype.tsv
/misc/work/VDJbase/digby_dev_data/AIRR-seq/Human/TRB/samples/P32/P32_I1_S1/P32_I1_S1_genotype.tsv
/misc/work/VDJbase/digby_dev_data/AIRR-seq/Human/TRB/samples/P32/P32_I2_S1/P32_I2_S1_genotype.tsv
/misc/work/VDJbase/digby_dev_data/AIRR-seq/Human/TRB/samples/P32/P32_I3_S1/P32_I3_S1_genotype.tsv
/misc/work/VDJbase/digby_dev_data/AIRR-seq/Human/TRB/samples/P32/P32_I4_S1/P32_I4_S1_genotype.tsv
/misc/work/VDJbase/digby_dev_data/AIRR-seq/Human/TRB/samples/P32/P32_I5_S1/P32_I5_S1_genotype.tsv
/misc/work/VDJbase/digby_dev_data/AIRR-seq/Human/TRB/samples/P32/P32_I6_S1/P32_I6_S1_genotype.tsv
/misc/work/VDJbase/digby_dev_data/AIRR-seq/Human/TRB/samples/P32/P32_I7_S1/P32_I7_S1_genotype.tsv
/misc/work/VDJbase/digby_dev_data/AIRR-seq/Human/TRB/samples/P32/P32_I8_S1/P32_I8_S1_genotype.tsv
/misc/work/VDJbase/digby_dev_data/AIRR-seq/Human/TRB/samples/P33/P33_I1_S1/P33_I1_S1_genotype.tsv
/misc/work/VDJbase/digby_dev_data/AIRR-seq/Human/TRB/samples/P33/P33_I2_S1/P33_I2_S1_genotype.tsv
/misc/work/VDJbase/digby_dev_data/AIRR-seq/Human/TRB/samples/P33/P33_I3_S1/P33_I3_S1_genotype.tsv
/misc/work/VDJbase/digby_dev_data/AIRR-seq/Human/TRB/samples/P33/P33_I4_S1/P33_I4_S1_genotype.tsv
/misc/work/VDJbase/digby_dev_data/AIRR-seq/Human/TRB/samples/P33/P33_I5_S1/P33_I5_S1_genotype.tsv
/misc/work/VDJbase/digby_dev_data/AIRR-seq/Human/TRB/samples/P33/P33_I6_S1/P33_I6_S1_genotype.tsv
/misc/work/VDJbase/digby_dev_data/AIRR-seq/Human/TRB/samples/P33/P33_I7_S1/P33_I7_S1_genotype.tsv
/misc/work/VDJbase/digby_dev_data/AIRR-seq/Human/TRB/samples/P33/P33_I8_S1/P33_I8_S1_genotype.tsv
/misc/work/VDJbase/digby_dev_data/AIRR-seq/Human/TRB/samples/P33/P33_I9_S1/P33_I9_S1_genotype.tsv
/misc/work/VDJbase/digby_dev_data/AIRR-seq/Human/TRB/samples/P33/P33_I10_S1/P33_I10_S1_genotype.tsv
/misc/work/VDJbase/digby_dev_data/AIRR-seq/Human/TRB/samples/P33/P33_I11_S1/P33_I11_S1_genotype.tsv
/misc/work/VDJbase/digby_dev_data/AIRR-seq/Human/TRB/samples/P33/P33_I12_S1/P33_I12_S1_genotype.tsv
/misc/work/VDJbase/digby_dev_data/AIRR-seq/Human/TRB/samples/P33/P33_I13_S1/P33_I13_S1_genotype.tsv
/misc/work/VDJbase/digby_dev_data/AIRR-seq/Human/TRB/samples/P33/P33_I14_S1/P33_I14_S1_genotype.tsv
/misc/work/VDJbase/digby_dev_data/AIRR-seq/Human/TRB/samples/P33/P33_I15_S1/P33_I15_S1_genotype.tsv
/misc/work/VDJbase/digby_dev_data/AIRR-seq/Human/TRB/samples/P33/P33_I16_S1/P33_I16_S1_genotype.tsv
/misc/work/VDJbase/digby_dev_data/AIRR-seq/Human/TRB/samples/P33/P33_I17_S1/P33_I17_S1_genotype.tsv
/misc/work/VDJbase/digby_dev_data/AIRR-seq/Human/TRB/samples/P33/P33_I18_S1/P33_I18_S1_genotype.tsv
/misc/work/VDJbase/digby_dev_data/AIRR-seq/Human/TRB/samples/P33/P33_I19_S1/P33_I19_S1_genotype.tsv
/misc/work/VDJbase/digby_dev_data/AIRR-seq/Human/TRB/samples/P33/P33_I20_S1/P33_I20_S1_genotype.tsv
/misc/work/VDJbase/digby_dev_data/AIRR-seq/Human/TRB/samples/P17/P17_I1_S1/P17_I1_S1_genotype.tsv
/misc/work/VDJbase/digby_dev_data/AIRR-seq/Human/TRB/samples/P17/P17_I2_S1/P17_I2_S1_genotype.tsv
/misc/work/VDJbase/digby_dev_data/AIRR-seq/Human/TRB/samples/P17/P17_I3_S1/P17_I3_S1_genotype.tsv
/misc/work/VDJbase/digby_dev_data/AIRR-seq/Human/TRB/samples/P17/P17_I4_S1/P17_I4_S1_genotype.tsv
/misc/work/VDJbase/digby_dev_data/AIRR-seq/Human/TRB/samples/P17/P17_I5_S1/P17_I5_S1_genotype.tsv
/misc/work/VDJbase/digby_dev_data/AIRR-seq/Human/TRB/samples/P17/P17_I6_S1/P17_I6_S1_genotype.tsv
/misc/work/VDJbase/digby_dev_data/AIRR-seq/Human/TRB/samples/P17/P17_I7_S1/P17_I7_S1_genotype.tsv
/misc/work/VDJbase/digby_dev_data/AIRR-seq/Human/TRB/samples/P17/P17_I8_S1/P17_I8_S1_genotype.tsv
/misc/work/VDJbase/digby_dev_data/AIRR-seq/Human/TRB/samples/P17/P17_I9_S1/P17_I9_S1_genotype.tsv
/misc/work/VDJbase/digby_dev_data/AIRR-seq/Human/TRB/samples/P17/P17_I10_S1/P17_I10_S1_genotype.tsv
/misc/work/VDJbase/digby_dev_data/AIRR-seq/Human/TRB/samples/P17/P17_I11_S1/P17_I11_S1_genotype.tsv
/misc/work/VDJbase/digby_dev_data/AIRR-seq/Human/TRB/samples/P17/P17_I12_S1/P17_I12_S1_genotype.tsv
/misc/work/VDJbase/digby_dev_data/AIRR-seq/Human/TRB/samples/P17/P17_I13_S1/P17_I13_S1_genotype.tsv
/misc/work/VDJbase/digby_dev_data/AIRR-seq/Human/TRB/samples/P17/P17_I14_S1/P17_I14_S1_genotype.tsv
/misc/work/VDJbase/digby_dev_data/AIRR-seq/Human/TRB/samples/P17/P17_I15_S1/P17_I15_S1_genotype.tsv
/misc/work/VDJbase/digby_dev_data/AIRR-seq/Human/TRB/samples/P4/P4_I10_S1/P4_I10_S1_genotype.tsv
adding ambiguous allele TRBV10-3*01_02_04
adding ambiguous allele TRBV11-3*01_02_04
adding ambiguous allele TRBV12-3*01_4.01
adding ambiguous allele TRBV16*01_02
adding ambiguous allele TRBV2*01_02
adding ambiguous allele TRBV20-1*01_02
adding ambiguous allele TRBV4-1*01_02
adding ambiguous allele TRBV4-3*01_04
adding ambiguous allele TRBV5-4*01_03
adding ambiguous allele TRBV5-5*01_02_03
adding ambiguous allele TRBV6-4*01_02
adding ambiguous allele TRBV6-6*01_03
adding ambiguous allele TRBV7-2*01_04
adding ambiguous allele TRBV7-6*01_02
adding ambiguous allele TRBV7-7*01_02
adding ambiguous allele TRBV7-9*01_02_03
/misc/work/VDJbase/digby_dev_data/AIRR-seq/Human/TRB/samples/P4/P4_I11_S1/P4_I11_S1_genotype.tsv
adding similar allele TRBV10-2*02
adding ambiguous allele TRBV3-2*02_03
/misc/work/VDJbase/digby_dev_data/AIRR-seq/Human/TRB/samples/P4/P4_I12_S1/P4_I12_S1_genotype.tsv
/misc/work/VDJbase/digby_dev_data/AIRR-seq/Human/TRB/samples/P4/P4_I13_S1/P4_I13_S1_genotype.tsv
/misc/work/VDJbase/digby_dev_data/AIRR-seq/Human/TRB/samples/P4/P4_I14_S1/P4_I14_S1_genotype.tsv
/misc/work/VDJbase/digby_dev_data/AIRR-seq/Human/TRB/samples/P4/P4_I15_S1/P4_I15_S1_genotype.tsv
/misc/work/VDJbase/digby_dev_data/AIRR-seq/Human/TRB/samples/P4/P4_I16_S1/P4_I16_S1_genotype.tsv
/misc/work/VDJbase/digby_dev_data/AIRR-seq/Human/TRB/samples/P4/P4_I17_S1/P4_I17_S1_genotype.tsv
/misc/work/VDJbase/digby_dev_data/AIRR-seq/Human/TRB/samples/P4/P4_I18_S1/P4_I18_S1_genotype.tsv
/misc/work/VDJbase/digby_dev_data/AIRR-seq/Human/TRB/samples/P4/P4_I19_S1/P4_I19_S1_genotype.tsv
/misc/work/VDJbase/digby_dev_data/AIRR-seq/Human/TRB/samples/P4/P4_I1_S1/P4_I1_S1_genotype.tsv
/misc/work/VDJbase/digby_dev_data/AIRR-seq/Human/TRB/samples/P4/P4_I21_S1/P4_I21_S1_genotype.tsv
/misc/work/VDJbase/digby_dev_data/AIRR-seq/Human/TRB/samples/P4/P4_I22_S1/P4_I22_S1_genotype.tsv
/misc/work/VDJbase/digby_dev_data/AIRR-seq/Human/TRB/samples/P4/P4_I23_S1/P4_I23_S1_genotype.tsv
/misc/work/VDJbase/digby_dev_data/AIRR-seq/Human/TRB/samples/P4/P4_I24_S1/P4_I24_S1_genotype.tsv
/misc/work/VDJbase/digby_dev_data/AIRR-seq/Human/TRB/samples/P4/P4_I25_S1/P4_I25_S1_genotype.tsv
/misc/work/VDJbase/digby_dev_data/AIRR-seq/Human/TRB/samples/P4/P4_I26_S1/P4_I26_S1_genotype.tsv
/misc/work/VDJbase/digby_dev_data/AIRR-seq/Human/TRB/samples/P4/P4_I27_S1/P4_I27_S1_genotype.tsv
/misc/work/VDJbase/digby_dev_data/AIRR-seq/Human/TRB/samples/P4/P4_I28_S1/P4_I28_S1_genotype.tsv
/misc/work/VDJbase/digby_dev_data/AIRR-seq/Human/TRB/samples/P4/P4_I29_S1/P4_I29_S1_genotype.tsv
/misc/work/VDJbase/digby_dev_data/AIRR-seq/Human/TRB/samples/P4/P4_I2_S1/P4_I2_S1_genotype.tsv
/misc/work/VDJbase/digby_dev_data/AIRR-seq/Human/TRB/samples/P4/P4_I30_S1/P4_I30_S1_genotype.tsv
/misc/work/VDJbase/digby_dev_data/AIRR-seq/Human/TRB/samples/P4/P4_I31_S1/P4_I31_S1_genotype.tsv
/misc/work/VDJbase/digby_dev_data/AIRR-seq/Human/TRB/samples/P4/P4_I4_S1/P4_I4_S1_genotype.tsv
/misc/work/VDJbase/digby_dev_data/AIRR-seq/Human/TRB/samples/P4/P4_I7_S1/P4_I7_S1_genotype.tsv
/misc/work/VDJbase/digby_dev_data/AIRR-seq/Human/TRB/samples/P4/P4_I8_S1/P4_I8_S1_genotype.tsv
/misc/work/VDJbase/digby_dev_data/AIRR-seq/Human/TRB/samples/P4/P4_I9_S1/P4_I9_S1_genotype.tsv
/misc/work/VDJbase/digby_dev_data/AIRR-seq/Human/TRB/samples/P18/P18_I1_S1/P18_I1_S1_genotype.tsv
/misc/work/VDJbase/digby_dev_data/AIRR-seq/Human/TRB/samples/P18/P18_I2_S1/P18_I2_S1_genotype.tsv
/misc/work/VDJbase/digby_dev_data/AIRR-seq/Human/TRB/samples/P18/P18_I3_S1/P18_I3_S1_genotype.tsv
/misc/work/VDJbase/digby_dev_data/AIRR-seq/Human/TRB/samples/P18/P18_I4_S1/P18_I4_S1_genotype.tsv
/misc/work/VDJbase/digby_dev_data/AIRR-seq/Human/TRB/samples/P18/P18_I5_S1/P18_I5_S1_genotype.tsv
/misc/work/VDJbase/digby_dev_data/AIRR-seq/Human/TRB/samples/P18/P18_I6_S1/P18_I6_S1_genotype.tsv
/misc/work/VDJbase/digby_dev_data/AIRR-seq/Human/TRB/samples/P18/P18_I7_S1/P18_I7_S1_genotype.tsv
/misc/work/VDJbase/digby_dev_data/AIRR-seq/Human/TRB/samples/P18/P18_I8_S1/P18_I8_S1_genotype.tsv
/misc/work/VDJbase/digby_dev_data/AIRR-seq/Human/TRB/samples/P18/P18_I9_S1/P18_I9_S1_genotype.tsv
/misc/work/VDJbase/digby_dev_data/AIRR-seq/Human/TRB/samples/P19/P19_I1_S1/P19_I1_S1_genotype.tsv
/misc/work/VDJbase/digby_dev_data/AIRR-seq/Human/TRB/samples/P19/P19_I2_S1/P19_I2_S1_genotype.tsv
/misc/work/VDJbase/digby_dev_data/AIRR-seq/Human/TRB/samples/P19/P19_I3_S1/P19_I3_S1_genotype.tsv
/misc/work/VDJbase/digby_dev_data/AIRR-seq/Human/TRB/samples/P19/P19_I4_S1/P19_I4_S1_genotype.tsv
/misc/work/VDJbase/digby_dev_data/AIRR-seq/Human/TRB/samples/P19/P19_I5_S1/P19_I5_S1_genotype.tsv
/misc/work/VDJbase/digby_dev_data/AIRR-seq/Human/TRB/samples/P19/P19_I6_S1/P19_I6_S1_genotype.tsv
/misc/work/VDJbase/digby_dev_data/AIRR-seq/Human/TRB/samples/P19/P19_I7_S1/P19_I7_S1_genotype.tsv
/misc/work/VDJbase/digby_dev_data/AIRR-seq/Human/TRB/samples/P19/P19_I8_S1/P19_I8_S1_genotype.tsv
/misc/work/VDJbase/digby_dev_data/AIRR-seq/Human/TRB/samples/P19/P19_I9_S1/P19_I9_S1_genotype.tsv
/misc/work/VDJbase/digby_dev_data/AIRR-seq/Human/TRB/samples/P19/P19_I10_S1/P19_I10_S1_genotype.tsv
/misc/work/VDJbase/digby_dev_data/AIRR-seq/Human/TRB/samples/P19/P19_I11_S1/P19_I11_S1_genotype.tsv
/misc/work/VDJbase/digby_dev_data/AIRR-seq/Human/TRB/samples/P19/P19_I12_S1/P19_I12_S1_genotype.tsv
/misc/work/VDJbase/digby_dev_data/AIRR-seq/Human/TRB/samples/P19/P19_I13_S1/P19_I13_S1_genotype.tsv
/misc/work/VDJbase/digby_dev_data/AIRR-seq/Human/TRB/samples/P19/P19_I14_S1/P19_I14_S1_genotype.tsv
/misc/work/VDJbase/digby_dev_data/AIRR-seq/Human/TRB/samples/P19/P19_I15_S1/P19_I15_S1_genotype.tsv
/misc/work/VDJbase/digby_dev_data/AIRR-seq/Human/TRB/samples/P19/P19_I16_S1/P19_I16_S1_genotype.tsv
/misc/work/VDJbase/digby_dev_data/AIRR-seq/Human/TRB/samples/P19/P19_I17_S1/P19_I17_S1_genotype.tsv
/misc/work/VDJbase/digby_dev_data/AIRR-seq/Human/TRB/samples/P19/P19_I18_S1/P19_I18_S1_genotype.tsv
/misc/work/VDJbase/digby_dev_data/AIRR-seq/Human/TRB/samples/P19/P19_I19_S1/P19_I19_S1_genotype.tsv
/misc/work/VDJbase/digby_dev_data/AIRR-seq/Human/TRB/samples/P19/P19_I20_S1/P19_I20_S1_genotype.tsv
/misc/work/VDJbase/digby_dev_data/AIRR-seq/Human/TRB/samples/P19/P19_I21_S1/P19_I21_S1_genotype.tsv
/misc/work/VDJbase/digby_dev_data/AIRR-seq/Human/TRB/samples/P19/P19_I22_S1/P19_I22_S1_genotype.tsv
/misc/work/VDJbase/digby_dev_data/AIRR-seq/Human/TRB/samples/P19/P19_I23_S1/P19_I23_S1_genotype.tsv
/misc/work/VDJbase/digby_dev_data/AIRR-seq/Human/TRB/samples/P19/P19_I24_S1/P19_I24_S1_genotype.tsv
/misc/work/VDJbase/digby_dev_data/AIRR-seq/Human/TRB/samples/P19/P19_I25_S1/P19_I25_S1_genotype.tsv
/misc/work/VDJbase/digby_dev_data/AIRR-seq/Human/TRB/samples/P19/P19_I26_S1/P19_I26_S1_genotype.tsv
/misc/work/VDJbase/digby_dev_data/AIRR-seq/Human/TRB/samples/P19/P19_I27_S1/P19_I27_S1_genotype.tsv
/misc/work/VDJbase/digby_dev_data/AIRR-seq/Human/TRB/samples/P19/P19_I28_S1/P19_I28_S1_genotype.tsv
/misc/work/VDJbase/digby_dev_data/AIRR-seq/Human/TRB/samples/P19/P19_I29_S1/P19_I29_S1_genotype.tsv
/misc/work/VDJbase/digby_dev_data/AIRR-seq/Human/TRB/samples/P19/P19_I30_S1/P19_I30_S1_genotype.tsv
/misc/work/VDJbase/digby_dev_data/AIRR-seq/Human/TRB/samples/P19/P19_I31_S1/P19_I31_S1_genotype.tsv
/misc/work/VDJbase/digby_dev_data/AIRR-seq/Human/TRB/samples/P19/P19_I32_S1/P19_I32_S1_genotype.tsv
/misc/work/VDJbase/digby_dev_data/AIRR-seq/Human/TRB/samples/P19/P19_I33_S1/P19_I33_S1_genotype.tsv
/misc/work/VDJbase/digby_dev_data/AIRR-seq/Human/TRB/samples/P19/P19_I34_S1/P19_I34_S1_genotype.tsv
/misc/work/VDJbase/digby_dev_data/AIRR-seq/Human/TRB/samples/P19/P19_I35_S1/P19_I35_S1_genotype.tsv
/misc/work/VDJbase/digby_dev_data/AIRR-seq/Human/TRB/samples/P19/P19_I36_S1/P19_I36_S1_genotype.tsv
/misc/work/VDJbase/digby_dev_data/AIRR-seq/Human/TRB/samples/P19/P19_I37_S1/P19_I37_S1_genotype.tsv
/misc/work/VDJbase/digby_dev_data/AIRR-seq/Human/TRB/samples/P19/P19_I38_S1/P19_I38_S1_genotype.tsv
/misc/work/VDJbase/digby_dev_data/AIRR-seq/Human/TRB/samples/P19/P19_I39_S1/P19_I39_S1_genotype.tsv
/misc/work/VDJbase/digby_dev_data/AIRR-seq/Human/TRB/samples/P19/P19_I40_S1/P19_I40_S1_genotype.tsv
/misc/work/VDJbase/digby_dev_data/AIRR-seq/Human/TRB/samples/P19/P19_I41_S1/P19_I41_S1_genotype.tsv
/misc/work/VDJbase/digby_dev_data/AIRR-seq/Human/TRB/samples/P19/P19_I42_S1/P19_I42_S1_genotype.tsv
/misc/work/VDJbase/digby_dev_data/AIRR-seq/Human/TRB/samples/P19/P19_I43_S1/P19_I43_S1_genotype.tsv
/misc/work/VDJbase/digby_dev_data/AIRR-seq/Human/TRB/samples/P19/P19_I44_S1/P19_I44_S1_genotype.tsv
/misc/work/VDJbase/digby_dev_data/AIRR-seq/Human/TRB/samples/P19/P19_I45_S1/P19_I45_S1_genotype.tsv
/misc/work/VDJbase/digby_dev_data/AIRR-seq/Human/TRB/samples/P19/P19_I46_S1/P19_I46_S1_genotype.tsv
/misc/work/VDJbase/digby_dev_data/AIRR-seq/Human/TRB/samples/P19/P19_I47_S1/P19_I47_S1_genotype.tsv
/misc/work/VDJbase/digby_dev_data/AIRR-seq/Human/TRB/samples/P19/P19_I48_S1/P19_I48_S1_genotype.tsv
/misc/work/VDJbase/digby_dev_data/AIRR-seq/Human/TRB/samples/P19/P19_I49_S1/P19_I49_S1_genotype.tsv
/misc/work/VDJbase/digby_dev_data/AIRR-seq/Human/TRB/samples/P19/P19_I50_S1/P19_I50_S1_genotype.tsv
/misc/work/VDJbase/digby_dev_data/AIRR-seq/Human/TRB/samples/P19/P19_I51_S1/P19_I51_S1_genotype.tsv
/misc/work/VDJbase/digby_dev_data/AIRR-seq/Human/TRB/samples/P19/P19_I52_S1/P19_I52_S1_genotype.tsv
/misc/work/VDJbase/digby_dev_data/AIRR-seq/Human/TRB/samples/P19/P19_I53_S1/P19_I53_S1_genotype.tsv
/misc/work/VDJbase/digby_dev_data/AIRR-seq/Human/TRB/samples/P19/P19_I54_S1/P19_I54_S1_genotype.tsv
/misc/work/VDJbase/digby_dev_data/AIRR-seq/Human/TRB/samples/P19/P19_I55_S1/P19_I55_S1_genotype.tsv
/misc/work/VDJbase/digby_dev_data/AIRR-seq/Human/TRB/samples/P19/P19_I56_S1/P19_I56_S1_genotype.tsv
/misc/work/VDJbase/digby_dev_data/AIRR-seq/Human/TRB/samples/P19/P19_I57_S1/P19_I57_S1_genotype.tsv
/misc/work/VDJbase/digby_dev_data/AIRR-seq/Human/TRB/samples/P19/P19_I58_S1/P19_I58_S1_genotype.tsv
/misc/work/VDJbase/digby_dev_data/AIRR-seq/Human/TRB/samples/P19/P19_I59_S1/P19_I59_S1_genotype.tsv
/misc/work/VDJbase/digby_dev_data/AIRR-seq/Human/TRB/samples/P19/P19_I60_S1/P19_I60_S1_genotype.tsv
/misc/work/VDJbase/digby_dev_data/AIRR-seq/Human/TRB/samples/P19/P19_I61_S1/P19_I61_S1_genotype.tsv
/misc/work/VDJbase/digby_dev_data/AIRR-seq/Human/TRB/samples/P19/P19_I62_S1/P19_I62_S1_genotype.tsv
/misc/work/VDJbase/digby_dev_data/AIRR-seq/Human/TRB/samples/P19/P19_I63_S1/P19_I63_S1_genotype.tsv
/misc/work/VDJbase/digby_dev_data/AIRR-seq/Human/TRB/samples/P19/P19_I64_S1/P19_I64_S1_genotype.tsv
/misc/work/VDJbase/digby_dev_data/AIRR-seq/Human/TRB/samples/P19/P19_I65_S1/P19_I65_S1_genotype.tsv
/misc/work/VDJbase/digby_dev_data/AIRR-seq/Human/TRB/samples/P19/P19_I66_S1/P19_I66_S1_genotype.tsv
/misc/work/VDJbase/digby_dev_data/AIRR-seq/Human/TRB/samples/P19/P19_I67_S1/P19_I67_S1_genotype.tsv
/misc/work/VDJbase/digby_dev_data/AIRR-seq/Human/TRB/samples/P19/P19_I68_S1/P19_I68_S1_genotype.tsv
/misc/work/VDJbase/digby_dev_data/AIRR-seq/Human/TRB/samples/P19/P19_I69_S1/P19_I69_S1_genotype.tsv
/misc/work/VDJbase/digby_dev_data/AIRR-seq/Human/TRB/samples/P19/P19_I70_S1/P19_I70_S1_genotype.tsv
/misc/work/VDJbase/digby_dev_data/AIRR-seq/Human/TRB/samples/P19/P19_I71_S1/P19_I71_S1_genotype.tsv
/misc/work/VDJbase/digby_dev_data/AIRR-seq/Human/TRB/samples/P19/P19_I72_S1/P19_I72_S1_genotype.tsv
/misc/work/VDJbase/digby_dev_data/AIRR-seq/Human/TRB/samples/P19/P19_I73_S1/P19_I73_S1_genotype.tsv
/misc/work/VDJbase/digby_dev_data/AIRR-seq/Human/TRB/samples/P19/P19_I74_S1/P19_I74_S1_genotype.tsv
/misc/work/VDJbase/digby_dev_data/AIRR-seq/Human/TRB/samples/P19/P19_I75_S1/P19_I75_S1_genotype.tsv
/misc/work/VDJbase/digby_dev_data/AIRR-seq/Human/TRB/samples/P19/P19_I76_S1/P19_I76_S1_genotype.tsv
/misc/work/VDJbase/digby_dev_data/AIRR-seq/Human/TRB/samples/P19/P19_I77_S1/P19_I77_S1_genotype.tsv
/misc/work/VDJbase/digby_dev_data/AIRR-seq/Human/TRB/samples/P19/P19_I78_S1/P19_I78_S1_genotype.tsv
/misc/work/VDJbase/digby_dev_data/AIRR-seq/Human/TRB/samples/P19/P19_I79_S1/P19_I79_S1_genotype.tsv
/misc/work/VDJbase/digby_dev_data/AIRR-seq/Human/TRB/samples/P19/P19_I80_S1/P19_I80_S1_genotype.tsv
/misc/work/VDJbase/digby_dev_data/AIRR-seq/Human/TRB/samples/P19/P19_I81_S1/P19_I81_S1_genotype.tsv
/misc/work/VDJbase/digby_dev_data/AIRR-seq/Human/TRB/samples/P19/P19_I82_S1/P19_I82_S1_genotype.tsv
/misc/work/VDJbase/digby_dev_data/AIRR-seq/Human/TRB/samples/P19/P19_I83_S1/P19_I83_S1_genotype.tsv
/misc/work/VDJbase/digby_dev_data/AIRR-seq/Human/TRB/samples/P19/P19_I84_S1/P19_I84_S1_genotype.tsv
/misc/work/VDJbase/digby_dev_data/AIRR-seq/Human/TRB/samples/P19/P19_I85_S1/P19_I85_S1_genotype.tsv
/misc/work/VDJbase/digby_dev_data/AIRR-seq/Human/TRB/samples/P19/P19_I86_S1/P19_I86_S1_genotype.tsv
/misc/work/VDJbase/digby_dev_data/AIRR-seq/Human/TRB/samples/P19/P19_I87_S1/P19_I87_S1_genotype.tsv
/misc/work/VDJbase/digby_dev_data/AIRR-seq/Human/TRB/samples/P19/P19_I88_S1/P19_I88_S1_genotype.tsv
/misc/work/VDJbase/digby_dev_data/AIRR-seq/Human/TRB/samples/P19/P19_I89_S1/P19_I89_S1_genotype.tsv
/misc/work/VDJbase/digby_dev_data/AIRR-seq/Human/TRB/samples/P19/P19_I90_S1/P19_I90_S1_genotype.tsv
adding ambiguous allele TRBV20-1*04_06
/misc/work/VDJbase/digby_dev_data/AIRR-seq/Human/TRB/samples/P19/P19_I91_S1/P19_I91_S1_genotype.tsv
/misc/work/VDJbase/digby_dev_data/AIRR-seq/Human/TRB/samples/P19/P19_I92_S1/P19_I92_S1_genotype.tsv
/misc/work/VDJbase/digby_dev_data/AIRR-seq/Human/TRB/samples/P19/P19_I93_S1/P19_I93_S1_genotype.tsv
/misc/work/VDJbase/digby_dev_data/AIRR-seq/Human/TRB/samples/P19/P19_I94_S1/P19_I94_S1_genotype.tsv
/misc/work/VDJbase/digby_dev_data/AIRR-seq/Human/TRB/samples/P19/P19_I95_S1/P19_I95_S1_genotype.tsv
/misc/work/VDJbase/digby_dev_data/AIRR-seq/Human/TRB/samples/P19/P19_I96_S1/P19_I96_S1_genotype.tsv
/misc/work/VDJbase/digby_dev_data/AIRR-seq/Human/TRB/samples/P19/P19_I97_S1/P19_I97_S1_genotype.tsv
/misc/work/VDJbase/digby_dev_data/AIRR-seq/Human/TRB/samples/P19/P19_I98_S1/P19_I98_S1_genotype.tsv
/misc/work/VDJbase/digby_dev_data/AIRR-seq/Human/TRB/samples/P19/P19_I99_S1/P19_I99_S1_genotype.tsv
/misc/work/VDJbase/digby_dev_data/AIRR-seq/Human/TRB/samples/P19/P19_I100_S1/P19_I100_S1_genotype.tsv
/misc/work/VDJbase/digby_dev_data/AIRR-seq/Human/TRB/samples/P19/P19_I101_S1/P19_I101_S1_genotype.tsv
/misc/work/VDJbase/digby_dev_data/AIRR-seq/Human/TRB/samples/P19/P19_I102_S1/P19_I102_S1_genotype.tsv
/misc/work/VDJbase/digby_dev_data/AIRR-seq/Human/TRB/samples/P19/P19_I103_S1/P19_I103_S1_genotype.tsv
/misc/work/VDJbase/digby_dev_data/AIRR-seq/Human/TRB/samples/P19/P19_I104_S1/P19_I104_S1_genotype.tsv
/misc/work/VDJbase/digby_dev_data/AIRR-seq/Human/TRB/samples/P19/P19_I105_S1/P19_I105_S1_genotype.tsv
/misc/work/VDJbase/digby_dev_data/AIRR-seq/Human/TRB/samples/P19/P19_I106_S1/P19_I106_S1_genotype.tsv
/misc/work/VDJbase/digby_dev_data/AIRR-seq/Human/TRB/samples/P19/P19_I107_S1/P19_I107_S1_genotype.tsv
/misc/work/VDJbase/digby_dev_data/AIRR-seq/Human/TRB/samples/P19/P19_I108_S1/P19_I108_S1_genotype.tsv
/misc/work/VDJbase/digby_dev_data/AIRR-seq/Human/TRB/samples/P19/P19_I109_S1/P19_I109_S1_genotype.tsv
/misc/work/VDJbase/digby_dev_data/AIRR-seq/Human/TRB/samples/P19/P19_I110_S1/P19_I110_S1_genotype.tsv
/misc/work/VDJbase/digby_dev_data/AIRR-seq/Human/TRB/samples/P19/P19_I111_S1/P19_I111_S1_genotype.tsv
/misc/work/VDJbase/digby_dev_data/AIRR-seq/Human/TRB/samples/P19/P19_I112_S1/P19_I112_S1_genotype.tsv
/misc/work/VDJbase/digby_dev_data/AIRR-seq/Human/TRB/samples/P19/P19_I113_S1/P19_I113_S1_genotype.tsv
/misc/work/VDJbase/digby_dev_data/AIRR-seq/Human/TRB/samples/P19/P19_I114_S1/P19_I114_S1_genotype.tsv
/misc/work/VDJbase/digby_dev_data/AIRR-seq/Human/TRB/samples/P19/P19_I115_S1/P19_I115_S1_genotype.tsv
/misc/work/VDJbase/digby_dev_data/AIRR-seq/Human/TRB/samples/P19/P19_I116_S1/P19_I116_S1_genotype.tsv
/misc/work/VDJbase/digby_dev_data/AIRR-seq/Human/TRB/samples/P19/P19_I117_S1/P19_I117_S1_genotype.tsv
/misc/work/VDJbase/digby_dev_data/AIRR-seq/Human/TRB/samples/P19/P19_I118_S1/P19_I118_S1_genotype.tsv
/misc/work/VDJbase/digby_dev_data/AIRR-seq/Human/TRB/samples/P19/P19_I119_S1/P19_I119_S1_genotype.tsv
/misc/work/VDJbase/digby_dev_data/AIRR-seq/Human/TRB/samples/P19/P19_I120_S1/P19_I120_S1_genotype.tsv
/misc/work/VDJbase/digby_dev_data/AIRR-seq/Human/TRB/samples/P19/P19_I121_S1/P19_I121_S1_genotype.tsv
/misc/work/VDJbase/digby_dev_data/AIRR-seq/Human/TRB/samples/P19/P19_I122_S1/P19_I122_S1_genotype.tsv
/misc/work/VDJbase/digby_dev_data/AIRR-seq/Human/TRB/samples/P19/P19_I123_S1/P19_I123_S1_genotype.tsv
/misc/work/VDJbase/digby_dev_data/AIRR-seq/Human/TRB/samples/P19/P19_I124_S1/P19_I124_S1_genotype.tsv
/misc/work/VDJbase/digby_dev_data/AIRR-seq/Human/TRB/samples/P19/P19_I125_S1/P19_I125_S1_genotype.tsv
/misc/work/VDJbase/digby_dev_data/AIRR-seq/Human/TRB/samples/P19/P19_I126_S1/P19_I126_S1_genotype.tsv
/misc/work/VDJbase/digby_dev_data/AIRR-seq/Human/TRB/samples/P19/P19_I127_S1/P19_I127_S1_genotype.tsv
/misc/work/VDJbase/digby_dev_data/AIRR-seq/Human/TRB/samples/P19/P19_I128_S1/P19_I128_S1_genotype.tsv
/misc/work/VDJbase/digby_dev_data/AIRR-seq/Human/TRB/samples/P19/P19_I129_S1/P19_I129_S1_genotype.tsv
/misc/work/VDJbase/digby_dev_data/AIRR-seq/Human/TRB/samples/P19/P19_I130_S1/P19_I130_S1_genotype.tsv
/misc/work/VDJbase/digby_dev_data/AIRR-seq/Human/TRB/samples/P19/P19_I131_S1/P19_I131_S1_genotype.tsv
/misc/work/VDJbase/digby_dev_data/AIRR-seq/Human/TRB/samples/P19/P19_I132_S1/P19_I132_S1_genotype.tsv
/misc/work/VDJbase/digby_dev_data/AIRR-seq/Human/TRB/samples/P19/P19_I133_S1/P19_I133_S1_genotype.tsv
/misc/work/VDJbase/digby_dev_data/AIRR-seq/Human/TRB/samples/P19/P19_I134_S1/P19_I134_S1_genotype.tsv
/misc/work/VDJbase/digby_dev_data/AIRR-seq/Human/TRB/samples/P19/P19_I135_S1/P19_I135_S1_genotype.tsv
/misc/work/VDJbase/digby_dev_data/AIRR-seq/Human/TRB/samples/P19/P19_I136_S1/P19_I136_S1_genotype.tsv
/misc/work/VDJbase/digby_dev_data/AIRR-seq/Human/TRB/samples/P19/P19_I137_S1/P19_I137_S1_genotype.tsv
/misc/work/VDJbase/digby_dev_data/AIRR-seq/Human/TRB/samples/P19/P19_I138_S1/P19_I138_S1_genotype.tsv
/misc/work/VDJbase/digby_dev_data/AIRR-seq/Human/TRB/samples/P19/P19_I139_S1/P19_I139_S1_genotype.tsv
/misc/work/VDJbase/digby_dev_data/AIRR-seq/Human/TRB/samples/P19/P19_I140_S1/P19_I140_S1_genotype.tsv
/misc/work/VDJbase/digby_dev_data/AIRR-seq/Human/TRB/samples/P19/P19_I141_S1/P19_I141_S1_genotype.tsv
/misc/work/VDJbase/digby_dev_data/AIRR-seq/Human/TRB/samples/P19/P19_I142_S1/P19_I142_S1_genotype.tsv
/misc/work/VDJbase/digby_dev_data/AIRR-seq/Human/TRB/samples/P19/P19_I143_S1/P19_I143_S1_genotype.tsv
/misc/work/VDJbase/digby_dev_data/AIRR-seq/Human/TRB/samples/P19/P19_I144_S1/P19_I144_S1_genotype.tsv
/misc/work/VDJbase/digby_dev_data/AIRR-seq/Human/TRB/samples/P19/P19_I145_S1/P19_I145_S1_genotype.tsv
/misc/work/VDJbase/digby_dev_data/AIRR-seq/Human/TRB/samples/P19/P19_I146_S1/P19_I146_S1_genotype.tsv
/misc/work/VDJbase/digby_dev_data/AIRR-seq/Human/TRB/samples/P19/P19_I147_S1/P19_I147_S1_genotype.tsv
/misc/work/VDJbase/digby_dev_data/AIRR-seq/Human/TRB/samples/P19/P19_I148_S1/P19_I148_S1_genotype.tsv
/misc/work/VDJbase/digby_dev_data/AIRR-seq/Human/TRB/samples/P19/P19_I149_S1/P19_I149_S1_genotype.tsv
/misc/work/VDJbase/digby_dev_data/AIRR-seq/Human/TRB/samples/P19/P19_I150_S1/P19_I150_S1_genotype.tsv
/misc/work/VDJbase/digby_dev_data/AIRR-seq/Human/TRB/samples/P19/P19_I151_S1/P19_I151_S1_genotype.tsv
/misc/work/VDJbase/digby_dev_data/AIRR-seq/Human/TRB/samples/P19/P19_I152_S1/P19_I152_S1_genotype.tsv
/misc/work/VDJbase/digby_dev_data/AIRR-seq/Human/TRB/samples/P19/P19_I153_S1/P19_I153_S1_genotype.tsv
/misc/work/VDJbase/digby_dev_data/AIRR-seq/Human/TRB/samples/P19/P19_I154_S1/P19_I154_S1_genotype.tsv
/misc/work/VDJbase/digby_dev_data/AIRR-seq/Human/TRB/samples/P19/P19_I155_S1/P19_I155_S1_genotype.tsv
/misc/work/VDJbase/digby_dev_data/AIRR-seq/Human/TRB/samples/P19/P19_I156_S1/P19_I156_S1_genotype.tsv
/misc/work/VDJbase/digby_dev_data/AIRR-seq/Human/TRB/samples/P19/P19_I157_S1/P19_I157_S1_genotype.tsv
/misc/work/VDJbase/digby_dev_data/AIRR-seq/Human/TRB/samples/P19/P19_I158_S1/P19_I158_S1_genotype.tsv
/misc/work/VDJbase/digby_dev_data/AIRR-seq/Human/TRB/samples/P19/P19_I159_S1/P19_I159_S1_genotype.tsv
/misc/work/VDJbase/digby_dev_data/AIRR-seq/Human/TRB/samples/P19/P19_I160_S1/P19_I160_S1_genotype.tsv
/misc/work/VDJbase/digby_dev_data/AIRR-seq/Human/TRB/samples/P19/P19_I161_S1/P19_I161_S1_genotype.tsv
/misc/work/VDJbase/digby_dev_data/AIRR-seq/Human/TRB/samples/P19/P19_I162_S1/P19_I162_S1_genotype.tsv
/misc/work/VDJbase/digby_dev_data/AIRR-seq/Human/TRB/samples/P19/P19_I163_S1/P19_I163_S1_genotype.tsv
/misc/work/VDJbase/digby_dev_data/AIRR-seq/Human/TRB/samples/P19/P19_I164_S1/P19_I164_S1_genotype.tsv
/misc/work/VDJbase/digby_dev_data/AIRR-seq/Human/TRB/samples/P19/P19_I165_S1/P19_I165_S1_genotype.tsv
/misc/work/VDJbase/digby_dev_data/AIRR-seq/Human/TRB/samples/P19/P19_I166_S1/P19_I166_S1_genotype.tsv
/misc/work/VDJbase/digby_dev_data/AIRR-seq/Human/TRB/samples/P19/P19_I167_S1/P19_I167_S1_genotype.tsv
/misc/work/VDJbase/digby_dev_data/AIRR-seq/Human/TRB/samples/P19/P19_I168_S1/P19_I168_S1_genotype.tsv
/misc/work/VDJbase/digby_dev_data/AIRR-seq/Human/TRB/samples/P19/P19_I169_S1/P19_I169_S1_genotype.tsv
/misc/work/VDJbase/digby_dev_data/AIRR-seq/Human/TRB/samples/P19/P19_I170_S1/P19_I170_S1_genotype.tsv
/misc/work/VDJbase/digby_dev_data/AIRR-seq/Human/TRB/samples/P19/P19_I171_S1/P19_I171_S1_genotype.tsv
/misc/work/VDJbase/digby_dev_data/AIRR-seq/Human/TRB/samples/P19/P19_I172_S1/P19_I172_S1_genotype.tsv
/misc/work/VDJbase/digby_dev_data/AIRR-seq/Human/TRB/samples/P19/P19_I173_S1/P19_I173_S1_genotype.tsv
/misc/work/VDJbase/digby_dev_data/AIRR-seq/Human/TRB/samples/P19/P19_I174_S1/P19_I174_S1_genotype.tsv
/misc/work/VDJbase/digby_dev_data/AIRR-seq/Human/TRB/samples/P19/P19_I175_S1/P19_I175_S1_genotype.tsv
/misc/work/VDJbase/digby_dev_data/AIRR-seq/Human/TRB/samples/P19/P19_I176_S1/P19_I176_S1_genotype.tsv
/misc/work/VDJbase/digby_dev_data/AIRR-seq/Human/TRB/samples/P19/P19_I177_S1/P19_I177_S1_genotype.tsv
/misc/work/VDJbase/digby_dev_data/AIRR-seq/Human/TRB/samples/P19/P19_I178_S1/P19_I178_S1_genotype.tsv
/misc/work/VDJbase/digby_dev_data/AIRR-seq/Human/TRB/samples/P19/P19_I179_S1/P19_I179_S1_genotype.tsv
/misc/work/VDJbase/digby_dev_data/AIRR-seq/Human/TRB/samples/P19/P19_I180_S1/P19_I180_S1_genotype.tsv
/misc/work/VDJbase/digby_dev_data/AIRR-seq/Human/TRB/samples/P19/P19_I181_S1/P19_I181_S1_genotype.tsv
/misc/work/VDJbase/digby_dev_data/AIRR-seq/Human/TRB/samples/P19/P19_I182_S1/P19_I182_S1_genotype.tsv
/misc/work/VDJbase/digby_dev_data/AIRR-seq/Human/TRB/samples/P19/P19_I183_S1/P19_I183_S1_genotype.tsv
/misc/work/VDJbase/digby_dev_data/AIRR-seq/Human/TRB/samples/P19/P19_I184_S1/P19_I184_S1_genotype.tsv
/misc/work/VDJbase/digby_dev_data/AIRR-seq/Human/TRB/samples/P19/P19_I185_S1/P19_I185_S1_genotype.tsv
/misc/work/VDJbase/digby_dev_data/AIRR-seq/Human/TRB/samples/P19/P19_I186_S1/P19_I186_S1_genotype.tsv
/misc/work/VDJbase/digby_dev_data/AIRR-seq/Human/TRB/samples/P19/P19_I187_S1/P19_I187_S1_genotype.tsv
/misc/work/VDJbase/digby_dev_data/AIRR-seq/Human/TRB/samples/P19/P19_I188_S1/P19_I188_S1_genotype.tsv
/misc/work/VDJbase/digby_dev_data/AIRR-seq/Human/TRB/samples/P19/P19_I189_S1/P19_I189_S1_genotype.tsv
/misc/work/VDJbase/digby_dev_data/AIRR-seq/Human/TRB/samples/P19/P19_I190_S1/P19_I190_S1_genotype.tsv
/misc/work/VDJbase/digby_dev_data/AIRR-seq/Human/TRB/samples/P19/P19_I191_S1/P19_I191_S1_genotype.tsv
/misc/work/VDJbase/digby_dev_data/AIRR-seq/Human/TRB/samples/P19/P19_I192_S1/P19_I192_S1_genotype.tsv
/misc/work/VDJbase/digby_dev_data/AIRR-seq/Human/TRB/samples/P19/P19_I193_S1/P19_I193_S1_genotype.tsv
/misc/work/VDJbase/digby_dev_data/AIRR-seq/Human/TRB/samples/P19/P19_I194_S1/P19_I194_S1_genotype.tsv
/misc/work/VDJbase/digby_dev_data/AIRR-seq/Human/TRB/samples/P19/P19_I195_S1/P19_I195_S1_genotype.tsv
/misc/work/VDJbase/digby_dev_data/AIRR-seq/Human/TRB/samples/P19/P19_I196_S1/P19_I196_S1_genotype.tsv
/misc/work/VDJbase/digby_dev_data/AIRR-seq/Human/TRB/samples/P19/P19_I197_S1/P19_I197_S1_genotype.tsv
/misc/work/VDJbase/digby_dev_data/AIRR-seq/Human/TRB/samples/P19/P19_I198_S1/P19_I198_S1_genotype.tsv
/misc/work/VDJbase/digby_dev_data/AIRR-seq/Human/TRB/samples/P19/P19_I199_S1/P19_I199_S1_genotype.tsv
/misc/work/VDJbase/digby_dev_data/AIRR-seq/Human/TRB/samples/P19/P19_I200_S1/P19_I200_S1_genotype.tsv
/misc/work/VDJbase/digby_dev_data/AIRR-seq/Human/TRB/samples/P19/P19_I201_S1/P19_I201_S1_genotype.tsv
/misc/work/VDJbase/digby_dev_data/AIRR-seq/Human/TRB/samples/P19/P19_I202_S1/P19_I202_S1_genotype.tsv
/misc/work/VDJbase/digby_dev_data/AIRR-seq/Human/TRB/samples/P19/P19_I203_S1/P19_I203_S1_genotype.tsv
/misc/work/VDJbase/digby_dev_data/AIRR-seq/Human/TRB/samples/P19/P19_I204_S1/P19_I204_S1_genotype.tsv
/misc/work/VDJbase/digby_dev_data/AIRR-seq/Human/TRB/samples/P19/P19_I205_S1/P19_I205_S1_genotype.tsv
/misc/work/VDJbase/digby_dev_data/AIRR-seq/Human/TRB/samples/P19/P19_I206_S1/P19_I206_S1_genotype.tsv
/misc/work/VDJbase/digby_dev_data/AIRR-seq/Human/TRB/samples/P19/P19_I207_S1/P19_I207_S1_genotype.tsv
/misc/work/VDJbase/digby_dev_data/AIRR-seq/Human/TRB/samples/P19/P19_I208_S1/P19_I208_S1_genotype.tsv
/misc/work/VDJbase/digby_dev_data/AIRR-seq/Human/TRB/samples/P19/P19_I209_S1/P19_I209_S1_genotype.tsv
/misc/work/VDJbase/digby_dev_data/AIRR-seq/Human/TRB/samples/P19/P19_I210_S1/P19_I210_S1_genotype.tsv
/misc/work/VDJbase/digby_dev_data/AIRR-seq/Human/TRB/samples/P19/P19_I211_S1/P19_I211_S1_genotype.tsv
/misc/work/VDJbase/digby_dev_data/AIRR-seq/Human/TRB/samples/P19/P19_I212_S1/P19_I212_S1_genotype.tsv
/misc/work/VDJbase/digby_dev_data/AIRR-seq/Human/TRB/samples/P19/P19_I213_S1/P19_I213_S1_genotype.tsv
/misc/work/VDJbase/digby_dev_data/AIRR-seq/Human/TRB/samples/P19/P19_I214_S1/P19_I214_S1_genotype.tsv
/misc/work/VDJbase/digby_dev_data/AIRR-seq/Human/TRB/samples/P19/P19_I215_S1/P19_I215_S1_genotype.tsv
/misc/work/VDJbase/digby_dev_data/AIRR-seq/Human/TRB/samples/P19/P19_I216_S1/P19_I216_S1_genotype.tsv
/misc/work/VDJbase/digby_dev_data/AIRR-seq/Human/TRB/samples/P19/P19_I217_S1/P19_I217_S1_genotype.tsv
/misc/work/VDJbase/digby_dev_data/AIRR-seq/Human/TRB/samples/P19/P19_I218_S1/P19_I218_S1_genotype.tsv
/misc/work/VDJbase/digby_dev_data/AIRR-seq/Human/TRB/samples/P19/P19_I219_S1/P19_I219_S1_genotype.tsv
/misc/work/VDJbase/digby_dev_data/AIRR-seq/Human/TRB/samples/P19/P19_I220_S1/P19_I220_S1_genotype.tsv
/misc/work/VDJbase/digby_dev_data/AIRR-seq/Human/TRB/samples/P19/P19_I221_S1/P19_I221_S1_genotype.tsv
/misc/work/VDJbase/digby_dev_data/AIRR-seq/Human/TRB/samples/P19/P19_I222_S1/P19_I222_S1_genotype.tsv
/misc/work/VDJbase/digby_dev_data/AIRR-seq/Human/TRB/samples/P19/P19_I223_S1/P19_I223_S1_genotype.tsv
/misc/work/VDJbase/digby_dev_data/AIRR-seq/Human/TRB/samples/P19/P19_I224_S1/P19_I224_S1_genotype.tsv
/misc/work/VDJbase/digby_dev_data/AIRR-seq/Human/TRB/samples/P19/P19_I225_S1/P19_I225_S1_genotype.tsv
/misc/work/VDJbase/digby_dev_data/AIRR-seq/Human/TRB/samples/P19/P19_I226_S1/P19_I226_S1_genotype.tsv
/misc/work/VDJbase/digby_dev_data/AIRR-seq/Human/TRB/samples/P19/P19_I227_S1/P19_I227_S1_genotype.tsv
/misc/work/VDJbase/digby_dev_data/AIRR-seq/Human/TRB/samples/P19/P19_I228_S1/P19_I228_S1_genotype.tsv
/misc/work/VDJbase/digby_dev_data/AIRR-seq/Human/TRB/samples/P19/P19_I229_S1/P19_I229_S1_genotype.tsv
/misc/work/VDJbase/digby_dev_data/AIRR-seq/Human/TRB/samples/P19/P19_I230_S1/P19_I230_S1_genotype.tsv
/misc/work/VDJbase/digby_dev_data/AIRR-seq/Human/TRB/samples/P19/P19_I231_S1/P19_I231_S1_genotype.tsv
/misc/work/VDJbase/digby_dev_data/AIRR-seq/Human/TRB/samples/P19/P19_I232_S1/P19_I232_S1_genotype.tsv
/misc/work/VDJbase/digby_dev_data/AIRR-seq/Human/TRB/samples/P19/P19_I233_S1/P19_I233_S1_genotype.tsv
/misc/work/VDJbase/digby_dev_data/AIRR-seq/Human/TRB/samples/P19/P19_I234_S1/P19_I234_S1_genotype.tsv
/misc/work/VDJbase/digby_dev_data/AIRR-seq/Human/TRB/samples/P19/P19_I235_S1/P19_I235_S1_genotype.tsv
/misc/work/VDJbase/digby_dev_data/AIRR-seq/Human/TRB/samples/P19/P19_I236_S1/P19_I236_S1_genotype.tsv
/misc/work/VDJbase/digby_dev_data/AIRR-seq/Human/TRB/samples/P19/P19_I237_S1/P19_I237_S1_genotype.tsv
/misc/work/VDJbase/digby_dev_data/AIRR-seq/Human/TRB/samples/P19/P19_I238_S1/P19_I238_S1_genotype.tsv
/misc/work/VDJbase/digby_dev_data/AIRR-seq/Human/TRB/samples/P19/P19_I239_S1/P19_I239_S1_genotype.tsv
/misc/work/VDJbase/digby_dev_data/AIRR-seq/Human/TRB/samples/P19/P19_I240_S1/P19_I240_S1_genotype.tsv
/misc/work/VDJbase/digby_dev_data/AIRR-seq/Human/TRB/samples/P19/P19_I241_S1/P19_I241_S1_genotype.tsv
/misc/work/VDJbase/digby_dev_data/AIRR-seq/Human/TRB/samples/P19/P19_I242_S1/P19_I242_S1_genotype.tsv
/misc/work/VDJbase/digby_dev_data/AIRR-seq/Human/TRB/samples/P19/P19_I243_S1/P19_I243_S1_genotype.tsv
/misc/work/VDJbase/digby_dev_data/AIRR-seq/Human/TRB/samples/P19/P19_I244_S1/P19_I244_S1_genotype.tsv
/misc/work/VDJbase/digby_dev_data/AIRR-seq/Human/TRB/samples/P19/P19_I245_S1/P19_I245_S1_genotype.tsv
/misc/work/VDJbase/digby_dev_data/AIRR-seq/Human/TRB/samples/P19/P19_I246_S1/P19_I246_S1_genotype.tsv
/misc/work/VDJbase/digby_dev_data/AIRR-seq/Human/TRB/samples/P19/P19_I247_S1/P19_I247_S1_genotype.tsv
/misc/work/VDJbase/digby_dev_data/AIRR-seq/Human/TRB/samples/P19/P19_I248_S1/P19_I248_S1_genotype.tsv
/misc/work/VDJbase/digby_dev_data/AIRR-seq/Human/TRB/samples/P19/P19_I249_S1/P19_I249_S1_genotype.tsv
/misc/work/VDJbase/digby_dev_data/AIRR-seq/Human/TRB/samples/P19/P19_I250_S1/P19_I250_S1_genotype.tsv
/misc/work/VDJbase/digby_dev_data/AIRR-seq/Human/TRB/samples/P19/P19_I251_S1/P19_I251_S1_genotype.tsv
/misc/work/VDJbase/digby_dev_data/AIRR-seq/Human/TRB/samples/P19/P19_I252_S1/P19_I252_S1_genotype.tsv
/misc/work/VDJbase/digby_dev_data/AIRR-seq/Human/TRB/samples/P19/P19_I253_S1/P19_I253_S1_genotype.tsv
/misc/work/VDJbase/digby_dev_data/AIRR-seq/Human/TRB/samples/P19/P19_I254_S1/P19_I254_S1_genotype.tsv
/misc/work/VDJbase/digby_dev_data/AIRR-seq/Human/TRB/samples/P19/P19_I255_S1/P19_I255_S1_genotype.tsv
/misc/work/VDJbase/digby_dev_data/AIRR-seq/Human/TRB/samples/P19/P19_I256_S1/P19_I256_S1_genotype.tsv
/misc/work/VDJbase/digby_dev_data/AIRR-seq/Human/TRB/samples/P19/P19_I257_S1/P19_I257_S1_genotype.tsv
/misc/work/VDJbase/digby_dev_data/AIRR-seq/Human/TRB/samples/P19/P19_I258_S1/P19_I258_S1_genotype.tsv
/misc/work/VDJbase/digby_dev_data/AIRR-seq/Human/TRB/samples/P19/P19_I259_S1/P19_I259_S1_genotype.tsv
/misc/work/VDJbase/digby_dev_data/AIRR-seq/Human/TRB/samples/P19/P19_I260_S1/P19_I260_S1_genotype.tsv
/misc/work/VDJbase/digby_dev_data/AIRR-seq/Human/TRB/samples/P19/P19_I261_S1/P19_I261_S1_genotype.tsv
/misc/work/VDJbase/digby_dev_data/AIRR-seq/Human/TRB/samples/P19/P19_I262_S1/P19_I262_S1_genotype.tsv
/misc/work/VDJbase/digby_dev_data/AIRR-seq/Human/TRB/samples/P19/P19_I263_S1/P19_I263_S1_genotype.tsv
/misc/work/VDJbase/digby_dev_data/AIRR-seq/Human/TRB/samples/P19/P19_I264_S1/P19_I264_S1_genotype.tsv
/misc/work/VDJbase/digby_dev_data/AIRR-seq/Human/TRB/samples/P19/P19_I265_S1/P19_I265_S1_genotype.tsv
/misc/work/VDJbase/digby_dev_data/AIRR-seq/Human/TRB/samples/P19/P19_I266_S1/P19_I266_S1_genotype.tsv
/misc/work/VDJbase/digby_dev_data/AIRR-seq/Human/TRB/samples/P19/P19_I268_S1/P19_I268_S1_genotype.tsv
/misc/work/VDJbase/digby_dev_data/AIRR-seq/Human/TRB/samples/P19/P19_I269_S1/P19_I269_S1_genotype.tsv
/misc/work/VDJbase/digby_dev_data/AIRR-seq/Human/TRB/samples/P19/P19_I270_S1/P19_I270_S1_genotype.tsv
/misc/work/VDJbase/digby_dev_data/AIRR-seq/Human/TRB/samples/P19/P19_I271_S1/P19_I271_S1_genotype.tsv
/misc/work/VDJbase/digby_dev_data/AIRR-seq/Human/TRB/samples/P19/P19_I272_S1/P19_I272_S1_genotype.tsv
/misc/work/VDJbase/digby_dev_data/AIRR-seq/Human/TRB/samples/P19/P19_I273_S1/P19_I273_S1_genotype.tsv
/misc/work/VDJbase/digby_dev_data/AIRR-seq/Human/TRB/samples/P19/P19_I274_S1/P19_I274_S1_genotype.tsv
/misc/work/VDJbase/digby_dev_data/AIRR-seq/Human/TRB/samples/P19/P19_I275_S1/P19_I275_S1_genotype.tsv
/misc/work/VDJbase/digby_dev_data/AIRR-seq/Human/TRB/samples/P19/P19_I276_S1/P19_I276_S1_genotype.tsv
/misc/work/VDJbase/digby_dev_data/AIRR-seq/Human/TRB/samples/P19/P19_I277_S1/P19_I277_S1_genotype.tsv
/misc/work/VDJbase/digby_dev_data/AIRR-seq/Human/TRB/samples/P19/P19_I278_S1/P19_I278_S1_genotype.tsv
/misc/work/VDJbase/digby_dev_data/AIRR-seq/Human/TRB/samples/P19/P19_I279_S1/P19_I279_S1_genotype.tsv
/misc/work/VDJbase/digby_dev_data/AIRR-seq/Human/TRB/samples/P19/P19_I280_S1/P19_I280_S1_genotype.tsv
/misc/work/VDJbase/digby_dev_data/AIRR-seq/Human/TRB/samples/P19/P19_I281_S1/P19_I281_S1_genotype.tsv
/misc/work/VDJbase/digby_dev_data/AIRR-seq/Human/TRB/samples/P19/P19_I282_S1/P19_I282_S1_genotype.tsv
/misc/work/VDJbase/digby_dev_data/AIRR-seq/Human/TRB/samples/P19/P19_I283_S1/P19_I283_S1_genotype.tsv
/misc/work/VDJbase/digby_dev_data/AIRR-seq/Human/TRB/samples/P19/P19_I284_S1/P19_I284_S1_genotype.tsv
/misc/work/VDJbase/digby_dev_data/AIRR-seq/Human/TRB/samples/P19/P19_I285_S1/P19_I285_S1_genotype.tsv
/misc/work/VDJbase/digby_dev_data/AIRR-seq/Human/TRB/samples/P19/P19_I286_S1/P19_I286_S1_genotype.tsv
/misc/work/VDJbase/digby_dev_data/AIRR-seq/Human/TRB/samples/P19/P19_I287_S1/P19_I287_S1_genotype.tsv
/misc/work/VDJbase/digby_dev_data/AIRR-seq/Human/TRB/samples/P19/P19_I288_S1/P19_I288_S1_genotype.tsv
/misc/work/VDJbase/digby_dev_data/AIRR-seq/Human/TRB/samples/P19/P19_I289_S1/P19_I289_S1_genotype.tsv
/misc/work/VDJbase/digby_dev_data/AIRR-seq/Human/TRB/samples/P19/P19_I290_S1/P19_I290_S1_genotype.tsv
/misc/work/VDJbase/digby_dev_data/AIRR-seq/Human/TRB/samples/P19/P19_I291_S1/P19_I291_S1_genotype.tsv
/misc/work/VDJbase/digby_dev_data/AIRR-seq/Human/TRB/samples/P19/P19_I292_S1/P19_I292_S1_genotype.tsv
/misc/work/VDJbase/digby_dev_data/AIRR-seq/Human/TRB/samples/P19/P19_I293_S1/P19_I293_S1_genotype.tsv
/misc/work/VDJbase/digby_dev_data/AIRR-seq/Human/TRB/samples/P19/P19_I294_S1/P19_I294_S1_genotype.tsv
/misc/work/VDJbase/digby_dev_data/AIRR-seq/Human/TRB/samples/P19/P19_I295_S1/P19_I295_S1_genotype.tsv
/misc/work/VDJbase/digby_dev_data/AIRR-seq/Human/TRB/samples/P19/P19_I296_S1/P19_I296_S1_genotype.tsv
/misc/work/VDJbase/digby_dev_data/AIRR-seq/Human/TRB/samples/P19/P19_I297_S1/P19_I297_S1_genotype.tsv
/misc/work/VDJbase/digby_dev_data/AIRR-seq/Human/TRB/samples/P19/P19_I298_S1/P19_I298_S1_genotype.tsv
/misc/work/VDJbase/digby_dev_data/AIRR-seq/Human/TRB/samples/P19/P19_I299_S1/P19_I299_S1_genotype.tsv
/misc/work/VDJbase/digby_dev_data/AIRR-seq/Human/TRB/samples/P19/P19_I300_S1/P19_I300_S1_genotype.tsv
/misc/work/VDJbase/digby_dev_data/AIRR-seq/Human/TRB/samples/P19/P19_I301_S1/P19_I301_S1_genotype.tsv
/misc/work/VDJbase/digby_dev_data/AIRR-seq/Human/TRB/samples/P19/P19_I302_S1/P19_I302_S1_genotype.tsv
/misc/work/VDJbase/digby_dev_data/AIRR-seq/Human/TRB/samples/P19/P19_I303_S1/P19_I303_S1_genotype.tsv
/misc/work/VDJbase/digby_dev_data/AIRR-seq/Human/TRB/samples/P19/P19_I304_S1/P19_I304_S1_genotype.tsv
/misc/work/VDJbase/digby_dev_data/AIRR-seq/Human/TRB/samples/P19/P19_I305_S1/P19_I305_S1_genotype.tsv
/misc/work/VDJbase/digby_dev_data/AIRR-seq/Human/TRB/samples/P19/P19_I306_S1/P19_I306_S1_genotype.tsv
/misc/work/VDJbase/digby_dev_data/AIRR-seq/Human/TRB/samples/P19/P19_I307_S1/P19_I307_S1_genotype.tsv
/misc/work/VDJbase/digby_dev_data/AIRR-seq/Human/TRB/samples/P19/P19_I308_S1/P19_I308_S1_genotype.tsv
/misc/work/VDJbase/digby_dev_data/AIRR-seq/Human/TRB/samples/P19/P19_I309_S1/P19_I309_S1_genotype.tsv
/misc/work/VDJbase/digby_dev_data/AIRR-seq/Human/TRB/samples/P19/P19_I310_S1/P19_I310_S1_genotype.tsv
/misc/work/VDJbase/digby_dev_data/AIRR-seq/Human/TRB/samples/P19/P19_I311_S1/P19_I311_S1_genotype.tsv
/misc/work/VDJbase/digby_dev_data/AIRR-seq/Human/TRB/samples/P19/P19_I312_S1/P19_I312_S1_genotype.tsv
/misc/work/VDJbase/digby_dev_data/AIRR-seq/Human/TRB/samples/P19/P19_I313_S1/P19_I313_S1_genotype.tsv
/misc/work/VDJbase/digby_dev_data/AIRR-seq/Human/TRB/samples/P19/P19_I314_S1/P19_I314_S1_genotype.tsv
/misc/work/VDJbase/digby_dev_data/AIRR-seq/Human/TRB/samples/P19/P19_I315_S1/P19_I315_S1_genotype.tsv
/misc/work/VDJbase/digby_dev_data/AIRR-seq/Human/TRB/samples/P19/P19_I316_S1/P19_I316_S1_genotype.tsv
/misc/work/VDJbase/digby_dev_data/AIRR-seq/Human/TRB/samples/P19/P19_I317_S1/P19_I317_S1_genotype.tsv
/misc/work/VDJbase/digby_dev_data/AIRR-seq/Human/TRB/samples/P19/P19_I318_S1/P19_I318_S1_genotype.tsv
/misc/work/VDJbase/digby_dev_data/AIRR-seq/Human/TRB/samples/P19/P19_I320_S1/P19_I320_S1_genotype.tsv
/misc/work/VDJbase/digby_dev_data/AIRR-seq/Human/TRB/samples/P19/P19_I321_S1/P19_I321_S1_genotype.tsv
/misc/work/VDJbase/digby_dev_data/AIRR-seq/Human/TRB/samples/P19/P19_I322_S1/P19_I322_S1_genotype.tsv
/misc/work/VDJbase/digby_dev_data/AIRR-seq/Human/TRB/samples/P19/P19_I323_S1/P19_I323_S1_genotype.tsv
/misc/work/VDJbase/digby_dev_data/AIRR-seq/Human/TRB/samples/P19/P19_I324_S1/P19_I324_S1_genotype.tsv
/misc/work/VDJbase/digby_dev_data/AIRR-seq/Human/TRB/samples/P19/P19_I325_S1/P19_I325_S1_genotype.tsv
/misc/work/VDJbase/digby_dev_data/AIRR-seq/Human/TRB/samples/P19/P19_I326_S1/P19_I326_S1_genotype.tsv
/misc/work/VDJbase/digby_dev_data/AIRR-seq/Human/TRB/samples/P19/P19_I327_S1/P19_I327_S1_genotype.tsv
/misc/work/VDJbase/digby_dev_data/AIRR-seq/Human/TRB/samples/P19/P19_I328_S1/P19_I328_S1_genotype.tsv
/misc/work/VDJbase/digby_dev_data/AIRR-seq/Human/TRB/samples/P19/P19_I329_S1/P19_I329_S1_genotype.tsv
/misc/work/VDJbase/digby_dev_data/AIRR-seq/Human/TRB/samples/P19/P19_I330_S1/P19_I330_S1_genotype.tsv
/misc/work/VDJbase/digby_dev_data/AIRR-seq/Human/TRB/samples/P19/P19_I331_S1/P19_I331_S1_genotype.tsv
/misc/work/VDJbase/digby_dev_data/AIRR-seq/Human/TRB/samples/P19/P19_I333_S1/P19_I333_S1_genotype.tsv
/misc/work/VDJbase/digby_dev_data/AIRR-seq/Human/TRB/samples/P19/P19_I334_S1/P19_I334_S1_genotype.tsv
/misc/work/VDJbase/digby_dev_data/AIRR-seq/Human/TRB/samples/P19/P19_I335_S1/P19_I335_S1_genotype.tsv
/misc/work/VDJbase/digby_dev_data/AIRR-seq/Human/TRB/samples/P19/P19_I336_S1/P19_I336_S1_genotype.tsv
/misc/work/VDJbase/digby_dev_data/AIRR-seq/Human/TRB/samples/P19/P19_I337_S1/P19_I337_S1_genotype.tsv
/misc/work/VDJbase/digby_dev_data/AIRR-seq/Human/TRB/samples/P19/P19_I338_S1/P19_I338_S1_genotype.tsv
/misc/work/VDJbase/digby_dev_data/AIRR-seq/Human/TRB/samples/P19/P19_I339_S1/P19_I339_S1_genotype.tsv
/misc/work/VDJbase/digby_dev_data/AIRR-seq/Human/TRB/samples/P19/P19_I340_S1/P19_I340_S1_genotype.tsv
/misc/work/VDJbase/digby_dev_data/AIRR-seq/Human/TRB/samples/P19/P19_I341_S1/P19_I341_S1_genotype.tsv
/misc/work/VDJbase/digby_dev_data/AIRR-seq/Human/TRB/samples/P19/P19_I342_S1/P19_I342_S1_genotype.tsv
/misc/work/VDJbase/digby_dev_data/AIRR-seq/Human/TRB/samples/P19/P19_I343_S1/P19_I343_S1_genotype.tsv
/misc/work/VDJbase/digby_dev_data/AIRR-seq/Human/TRB/samples/P19/P19_I344_S1/P19_I344_S1_genotype.tsv
/misc/work/VDJbase/digby_dev_data/AIRR-seq/Human/TRB/samples/P19/P19_I345_S1/P19_I345_S1_genotype.tsv
/misc/work/VDJbase/digby_dev_data/AIRR-seq/Human/TRB/samples/P19/P19_I346_S1/P19_I346_S1_genotype.tsv
/misc/work/VDJbase/digby_dev_data/AIRR-seq/Human/TRB/samples/P19/P19_I347_S1/P19_I347_S1_genotype.tsv
/misc/work/VDJbase/digby_dev_data/AIRR-seq/Human/TRB/samples/P19/P19_I348_S1/P19_I348_S1_genotype.tsv
status: Processing haplotypes
status: Analyzing allele appearances
status: Calculating gene frequencies
status: Calculating patterns
status: Creating confidence reports
